Archive member included to satisfy reference by file (symbol)

C:/devkitPro/libnds/lib\libfilesystem.a(nitrofs.o)
                              main.o (nitroFSInit)
C:/devkitPro/libnds/lib\libfat.a(libfat.o)
                              C:/devkitPro/libnds/lib\libfilesystem.a(nitrofs.o) (fatInitDefault)
C:/devkitPro/libnds/lib\libfat.a(disc.o)
                              C:/devkitPro/libnds/lib\libfat.a(libfat.o) (_FAT_disc_interfaces)
C:/devkitPro/libnds/lib\libfat.a(fatfile.o)
                              C:/devkitPro/libnds/lib\libfat.a(libfat.o) (_FAT_open_r)
C:/devkitPro/libnds/lib\libfat.a(cache.o)
                              C:/devkitPro/libnds/lib\libfat.a(fatfile.o) (_FAT_cache_readSectors)
C:/devkitPro/libnds/lib\libfat.a(fatdir.o)
                              C:/devkitPro/libnds/lib\libfat.a(libfat.o) (_FAT_stat_r)
C:/devkitPro/libnds/lib\libfat.a(directory.o)
                              C:/devkitPro/libnds/lib\libfat.a(fatfile.o) (_FAT_directory_entryGetCluster)
C:/devkitPro/libnds/lib\libfat.a(partition.o)
                              C:/devkitPro/libnds/lib\libfat.a(libfat.o) (_FAT_partition_destructor)
C:/devkitPro/libnds/lib\libfat.a(lock.o)
                              C:/devkitPro/libnds/lib\libfat.a(partition.o) (_FAT_lock_init)
C:/devkitPro/libnds/lib\libfat.a(filetime.o)
                              C:/devkitPro/libnds/lib\libfat.a(fatfile.o) (_FAT_filetime_getTimeFromRTC)
C:/devkitPro/libnds/lib\libfat.a(file_allocation_table.o)
                              C:/devkitPro/libnds/lib\libfat.a(fatfile.o) (_FAT_fat_nextCluster)
C:/devkitPro/libnds/lib\libnds9.a(background.o)
                              main.o (bgIsText)
C:/devkitPro/libnds/lib\libnds9.a(trig.o)
                              C:/devkitPro/libnds/lib\libnds9.a(background.o) (sinLerp)
C:/devkitPro/libnds/lib\libnds9.a(video.o)
                              main.o (vramSetPrimaryBanks)
C:/devkitPro/libnds/lib\libnds9.a(sassert.o)
                              main.o (__sassert)
C:/devkitPro/libnds/lib\libnds9.a(console.o)
                              main.o (consoleDemoInit)
C:/devkitPro/libnds/lib\libnds9.a(sound.o)
                              main.o (soundEnable)
C:/devkitPro/libnds/lib\libnds9.a(keys.o)
                              main.o (scanKeys)
C:/devkitPro/libnds/lib\libnds9.a(dldi.o)
                              C:/devkitPro/libnds/lib\libfat.a(disc.o) (dldiGetInternal)
C:/devkitPro/libnds/lib\libnds9.a(initSystem.o)
                              C:/devkitPro/devkitARM/bin/../lib/gcc/arm-none-eabi/13.2.0/../../../../arm-none-eabi/lib/thumb/ds_arm9_crt0.o (initSystem)
C:/devkitPro/libnds/lib\libnds9.a(securearea.o)
                              C:/devkitPro/devkitARM/bin/../lib/gcc/arm-none-eabi/13.2.0/../../../../arm-none-eabi/lib/thumb/ds_arm9_crt0.o (__secure_area__)
C:/devkitPro/libnds/lib\libnds9.a(interrupts.o)
                              C:/devkitPro/libnds/lib\libnds9.a(initSystem.o) (irqInit)
C:/devkitPro/libnds/lib\libnds9.a(libnds_exit.arm.o)
                              C:/devkitPro/devkitARM/bin/../lib/gcc/arm-none-eabi/13.2.0/../../../../arm-none-eabi/lib/thumb/ds_arm9_crt0.o (__libnds_exit)
C:/devkitPro/libnds/lib\libnds9.a(card.o)
                              C:/devkitPro/libnds/lib\libfilesystem.a(nitrofs.o) (cardParamCommand)
C:/devkitPro/libnds/lib\libnds9.a(fifosystem.o)
                              C:/devkitPro/libnds/lib\libnds9.a(initSystem.o) (fifoSetValue32Handler)
C:/devkitPro/libnds/lib\libnds9.a(dldi_stub.o)
                              C:/devkitPro/libnds/lib\libnds9.a(dldi.o) (_io_dldi_stub)
C:/devkitPro/libnds/lib\libnds9.a(mpu_setup.o)
                              C:/devkitPro/devkitARM/bin/../lib/gcc/arm-none-eabi/13.2.0/../../../../arm-none-eabi/lib/thumb/ds_arm9_crt0.o (__libnds_mpu_setup)
C:/devkitPro/libnds/lib\libnds9.a(IntrWait.o)
                              main.o (swiWaitForVBlank)
C:/devkitPro/libnds/lib\libnds9.a(cpu_clock.o)
                              C:/devkitPro/libnds/lib\libnds9.a(initSystem.o) (setCpuClock)
C:/devkitPro/libnds/lib\libnds9.a(interruptDispatcher.o)
                              C:/devkitPro/libnds/lib\libnds9.a(interrupts.o) (IntrMain)
C:/devkitPro/libnds/lib\libnds9.a(biosCalls.o)
                              C:/devkitPro/libnds/lib\libnds9.a(card.o) (swiDelay)
C:/devkitPro/libnds/lib\libnds9.a(debugprint.o)
                              C:/devkitPro/libnds/lib\libnds9.a(console.o) (nocashWrite)
C:/devkitPro/libnds/lib\libnds9.a(swiSoftReset.o)
                              C:/devkitPro/libnds/lib\libnds9.a(fifosystem.o) (swiSoftReset)
C:/devkitPro/libnds/lib\libnds9.a(default_font.bin.o)
                              C:/devkitPro/libnds/lib\libnds9.a(console.o) (default_font_bin)
C:/devkitPro/libnds/lib\libnds9.a(system.o)
                              C:/devkitPro/libnds/lib\libnds9.a(initSystem.o) (systemValueHandler)
C:/devkitPro/libnds/lib\libnds9.a(sd.twl.o)
[...]
Memory Configuration

Name             Origin             Length             Attributes
ewram            0x02000000         0x00380000
dtcm             0x02ff0000         0x00004000
vectors          0x01000000         0x00000100
itcm             0x01000100         0x00007f00
*default*        0x00000000         0xffffffff

Linker script and memory map

                0x02380000                        __ewram_end = (ORIGIN (ewram) + LENGTH (ewram))
                0x02380000                        __eheap_end = (ORIGIN (ewram) + LENGTH (ewram))
                0x02ff4000                        __dtcm_top = (ORIGIN (dtcm) + LENGTH (dtcm))
                0x02ff3ff8                        __irq_flags = (__dtcm_top - 0x8)
                0x02ff3ffc                        __irq_vector = (__dtcm_top - 0x4)
                0x02ff3f00                        __sp_svc = (__dtcm_top - 0x100)
                0x02ff3e00                        __sp_irq = (__sp_svc - 0x100)
                0x02ff3d00                        __sp_usr = (__sp_irq - 0x100)

.secure         0x02000000      0x800
 *(.secure)
 .secure        0x02000000      0x800 C:/devkitPro/libnds/lib\libnds9.a(securearea.o)
                0x02000000                __secure_area__

.crt0           0x02000800      0x300
                0x02000800                        __text_start = .
 *(.crt0)
 .crt0          0x02000800      0x300 C:/devkitPro/devkitARM/bin/../lib/gcc/arm-none-eabi/13.2.0/../../../../arm-none-eabi/lib/thumb/ds_arm9_crt0.o
                0x02000800                _start
                0x02000b00                        . = ALIGN (0x4)

.plt
 *(.plt)

.init           0x02000b00        0xc
 *(SORT_NONE(.init))
 .init          0x02000b00        0x4 C:/devkitPro/devkitARM/bin/../lib/gcc/arm-none-eabi/13.2.0/thumb/crti.o
                0x02000b00                _init
 .init          0x02000b04        0x8 C:/devkitPro/devkitARM/bin/../lib/gcc/arm-none-eabi/13.2.0/thumb/crtn.o

.text           0x02000b40    0x1dcb8
 *(EXCLUDE_FILE(*.twl* *.vectors* *.itcm*) .text)
 .text          0x02000b40      0xfec agmv_nds_playback.o
                0x02000b40                ObliterateAGMV
                0x02000c64                dirty_ceil
                0x02000c84                AGMV_AllocResources
                0x02000db0                AGMV_Open
                0x02000e88                AGMV_GetVideoInfo
                0x02000eb0                AGMV_Close
                0x02000ec8                AGMV_SetAudioState
                0x02000ed4                AGMV_SetVideoState
                0x02000ee0                AGMV_GetAudioState
                0x02000eec                AGMV_GetVideoState
                0x02000ef8                AGMV_SetVolume
                0x02000f08                AGMV_PlayVideo
                0x02000f30                AGMV_PauseVideo
                0x02000f58                AGMV_DisableAllAudio
                0x02000f6c                AGMV_MuteAudio
                0x02000f80                AGMV_StoreFrameOffset
                0x02000fa4                AGMV_ResetVideo
                0x02000fe8                AGMV_IsVideoDone
                0x02000ffc                AGMV_SkipForwards
                0x020013bc                AGMV_SkipForwardsAndDecodeAudio
                0x02001698                AGMV_SkipBackwards
                0x02001970                AGMV_SkipTo
 .text          0x02001b2c       0xf0 main.o
                0x02001b2c                dirlist
 *fill*         0x02001c1c       0x24 ff
 .text          0x02001c40     0x4000 C:/devkitPro/libnds/lib\libnds9.a(dldi_stub.o)
                0x02001c40                _io_dldi_stub
 .text          0x02005c40      0x11c C:/devkitPro/devkitARM/bin/../lib/gcc/arm-none-eabi/13.2.0/thumb\libgcc.a(_udivsi3.o)
                0x02005c40                __aeabi_uidiv
                0x02005c40                __udivsi3
                0x02005d3c                __aeabi_uidivmod
 .text          0x02005d5c      0x150 C:/devkitPro/devkitARM/bin/../lib/gcc/arm-none-eabi/13.2.0/thumb\libgcc.a(_divsi3.o)
                0x02005d5c                __divsi3
                0x02005d5c                __aeabi_idiv
                0x02005e8c                __aeabi_idivmod
 .text          0x02005eac        0x4 C:/devkitPro/devkitARM/bin/../lib/gcc/arm-none-eabi/13.2.0/thumb\libgcc.a(_dvmd_tls.o)
                0x02005eac                __aeabi_idiv0
                0x02005eac                __aeabi_ldiv0
 .text          0x02005eb0      0x2ac C:/devkitPro/devkitARM/bin/../lib/gcc/arm-none-eabi/13.2.0/thumb\libgcc.a(_arm_addsubsf3.o)
                0x02005eb0                __aeabi_frsub
                0x02005eb8                __subsf3
                0x02005eb8                __aeabi_fsub
                0x02005ebc                __aeabi_fadd
                0x02005ebc                __addsf3
                0x02006078                __aeabi_ui2f
                0x02006078                __floatunsisf
                0x02006080                __aeabi_i2f
                0x02006080                __floatsisf
                0x020060a0                __aeabi_ul2f
                0x020060a0                __floatundisf
                0x020060b0                __aeabi_l2f
                0x020060b0                __floatdisf
 .text          0x0200615c      0x2f8 C:/devkitPro/devkitARM/bin/../lib/gcc/arm-none-eabi/13.2.0/thumb\libgcc.a(_arm_muldivsf3.o)
                0x0200615c                __mulsf3
                0x0200615c                __aeabi_fmul
                0x020062f4                __aeabi_fdiv
                0x020062f4                __divsf3
 .text          0x02006454      0x114 C:/devkitPro/devkitARM/bin/../lib/gcc/arm-none-eabi/13.2.0/thumb\libgcc.a(_arm_cmpsf2.o)
                0x02006454                __gesf2
                0x02006454                __gtsf2
                0x0200645c                __lesf2
                0x0200645c                __ltsf2
                0x02006464                __nesf2
                0x02006464                __eqsf2
                0x02006464                __cmpsf2
                0x020064c8                __aeabi_cfrcmple
                0x020064d8                __aeabi_cfcmpeq
                0x020064d8                __aeabi_cfcmple
                0x020064f0                __aeabi_fcmpeq
                0x02006508                __aeabi_fcmplt
                0x02006520                __aeabi_fcmple
                0x02006538                __aeabi_fcmpge
                0x02006550                __aeabi_fcmpgt
 .text          0x02006568       0x5c C:/devkitPro/devkitARM/bin/../lib/gcc/arm-none-eabi/13.2.0/thumb\libgcc.a(_arm_fixsfsi.o)
                0x02006568                __aeabi_f2iz
                0x02006568                __fixsfsi
 .text          0x020065c4       0xd4 C:/devkitPro/devkitARM/bin/../lib/gcc/arm-none-eabi/13.2.0/thumb\libgcc.a(_aeabi_ldivmod.o)
                0x020065c4                __aeabi_ldivmod
 .text          0x02006698       0x28 C:/devkitPro/devkitARM/bin/../lib/gcc/arm-none-eabi/13.2.0/thumb\libgcc.a(_clzdi2.o)
                0x02006698                __clzdi2
 .text          0x020066c0       0x48 C:/devkitPro/devkitARM/bin/../lib/gcc/arm-none-eabi/13.2.0/thumb\libgcc.a(_clzsi2.o)
                0x020066c0                __clzsi2
 .text          0x02006708      0x224 C:/devkitPro/devkitARM/bin/../lib/gcc/arm-none-eabi/13.2.0/../../../../arm-none-eabi/lib/thumb\libg.a(libc_a-strcmp.o)
                0x02006708                strcmp
 .text          0x0200692c       0x14 C:/devkitPro/devkitARM/bin/../lib/gcc/arm-none-eabi/13.2.0/thumb\libgcc.a(_thumb1_case_uqi.o)
                0x0200692c                __gnu_thumb1_case_uqi
 .text          0x02006940       0x14 C:/devkitPro/devkitARM/bin/../lib/gcc/arm-none-eabi/13.2.0/thumb\libgcc.a(_thumb1_case_uhi.o)
                0x02006940                __gnu_thumb1_case_uhi
 .text          0x02006954      0x424 C:/devkitPro/devkitARM/bin/../lib/gcc/arm-none-eabi/13.2.0/thumb\libgcc.a(_arm_addsubdf3.o)
                0x02006954                __aeabi_drsub
                0x0200695c                __aeabi_dsub
                0x0200695c                __subdf3
                0x02006960                __aeabi_dadd
                0x02006960                __adddf3
                0x02006c70                __floatunsidf
                0x02006c70                __aeabi_ui2d
                0x02006c94                __floatsidf
                0x02006c94                __aeabi_i2d
                0x02006cbc                __aeabi_f2d
                0x02006cbc                __extendsfdf2
                0x02006d04                __floatundidf
                0x02006d04                __aeabi_ul2d
                0x02006d18                __floatdidf
                0x02006d18                __aeabi_l2d
 .text          0x02006d78      0x49c C:/devkitPro/devkitARM/bin/../lib/gcc/arm-none-eabi/13.2.0/thumb\libgcc.a(_arm_muldivdf3.o)
                0x02006d78                __aeabi_dmul
                0x02006d78                __muldf3
                0x02007008                __divdf3
                0x02007008                __aeabi_ddiv
 .text          0x02007214      0x144 C:/devkitPro/devkitARM/bin/../lib/gcc/arm-none-eabi/13.2.0/thumb\libgcc.a(_arm_cmpdf2.o)
                0x02007214                __gtdf2
                0x02007214                __gedf2
                0x0200721c                __ltdf2
                0x0200721c                __ledf2
                0x02007224                __nedf2
                0x02007224                __eqdf2
                0x02007224                __cmpdf2
                0x020072ac                __aeabi_cdrcmple
                0x020072c8                __aeabi_cdcmpeq
                0x020072c8                __aeabi_cdcmple
                0x020072e0                __aeabi_dcmpeq
                0x020072f8                __aeabi_dcmplt
                0x02007310                __aeabi_dcmple
                0x02007328                __aeabi_dcmpge
                0x02007340                __aeabi_dcmpgt
 .text          0x02007358       0x38 C:/devkitPro/devkitARM/bin/../lib/gcc/arm-none-eabi/13.2.0/thumb\libgcc.a(_arm_unorddf2.o)
                0x02007358                __unorddf2
                0x02007358                __aeabi_dcmpun
 .text          0x02007390       0x5c C:/devkitPro/devkitARM/bin/../lib/gcc/arm-none-eabi/13.2.0/thumb\libgcc.a(_arm_fixdfsi.o)
                0x02007390                __aeabi_d2iz
                0x02007390                __fixdfsi
 .text          0x020073ec       0x3c C:/devkitPro/devkitARM/bin/../lib/gcc/arm-none-eabi/13.2.0/thumb\libgcc.a(_aeabi_uldivmod.o)
                0x020073ec                __aeabi_uldivmod
 *(EXCLUDE_FILE(*.twl* *.vectors* *.itcm*) .stub)
 *(EXCLUDE_FILE(*.twl* *.vectors* *.itcm*) .text.*)
 .text.__do_global_dtors_aux
                0x02007428       0x2c C:/devkitPro/devkitARM/bin/../lib/gcc/arm-none-eabi/13.2.0/thumb/crtbegin.o
 .text.frame_dummy
                0x02007454       0x24 C:/devkitPro/devkitARM/bin/../lib/gcc/arm-none-eabi/13.2.0/thumb/crtbegin.o
 .text.startup  0x02007478      0x248 main.o
                0x02007478                main
 .text.nitroFSDirClose
                0x020076c0        0x4 C:/devkitPro/libnds/lib\libfilesystem.a(nitrofs.o)
 .text.nitroFSSeek
                0x020076c4       0x78 C:/devkitPro/libnds/lib\libfilesystem.a(nitrofs.o)
 .text.nitroFSFstat
                0x0200773c       0x10 C:/devkitPro/libnds/lib\libfilesystem.a(nitrofs.o)
 .text.nitroSubReadBlock
                0x0200774c       0x54 C:/devkitPro/libnds/lib\libfilesystem.a(nitrofs.o)
 .text.nitroSubReadCard
                0x020077a0       0xb0 C:/devkitPro/libnds/lib\libfilesystem.a(nitrofs.o)
 .text.nitroFSClose
                0x02007850        0x4 C:/devkitPro/libnds/lib\libfilesystem.a(nitrofs.o)
 .text.nitroDirReset
                0x02007854       0x9c C:/devkitPro/libnds/lib\libfilesystem.a(nitrofs.o)
 .text.nitroFSRead
                0x020078f0       0xbc C:/devkitPro/libnds/lib\libfilesystem.a(nitrofs.o)
 .text.nitroFSDirNext
                0x020079ac      0x30c C:/devkitPro/libnds/lib\libfilesystem.a(nitrofs.o)
 .text.nitroFSDirOpen
                0x02007cb8       0xe0 C:/devkitPro/libnds/lib\libfilesystem.a(nitrofs.o)
 .text.nitroFSChdir
                0x02007d98       0x30 C:/devkitPro/libnds/lib\libfilesystem.a(nitrofs.o)
 .text.nitroFSOpen
                0x02007dc8       0xc4 C:/devkitPro/libnds/lib\libfilesystem.a(nitrofs.o)
 .text.nitroFSstat
                0x02007e8c       0x68 C:/devkitPro/libnds/lib\libfilesystem.a(nitrofs.o)
 .text.nitroFSInit
                0x02007ef4      0x12c C:/devkitPro/libnds/lib\libfilesystem.a(nitrofs.o)
                0x02007ef4                nitroFSInit
 .text.fatMount.part.0
                0x02008020       0xa0 C:/devkitPro/libnds/lib\libfat.a(libfat.o)
 .text.fatMount
                0x020080c0       0x3c C:/devkitPro/libnds/lib\libfat.a(libfat.o)
                0x020080c0                fatMount
 .text.fatInit  0x020080fc      0x130 C:/devkitPro/libnds/lib\libfat.a(libfat.o)
                0x020080fc                fatInit
 .text.fatInitDefault
                0x0200822c        0xc C:/devkitPro/libnds/lib\libfat.a(libfat.o)
                0x0200822c                fatInitDefault
 .text._FAT_check_position_for_next_cluster.part.0
                0x02008238       0x68 C:/devkitPro/libnds/lib\libfat.a(fatfile.o)
 .text._FAT_syncToDisc.part.0
                0x020082a0       0xd4 C:/devkitPro/libnds/lib\libfat.a(fatfile.o)
 .text._FAT_file_extend_r
                0x02008374      0x208 C:/devkitPro/libnds/lib\libfat.a(fatfile.o)
 .text._FAT_open_r
                0x0200857c      0x2d4 C:/devkitPro/libnds/lib\libfat.a(fatfile.o)
                0x0200857c                _FAT_open_r
 .text._FAT_close_r
                0x02008850       0x74 C:/devkitPro/libnds/lib\libfat.a(fatfile.o)
                0x02008850                _FAT_close_r
 .text._FAT_read_r
                0x020088c4      0x398 C:/devkitPro/libnds/lib\libfat.a(fatfile.o)
                0x020088c4                _FAT_read_r
 .text._FAT_write_r
                0x02008c5c      0x53c C:/devkitPro/libnds/lib\libfat.a(fatfile.o)
                0x02008c5c                _FAT_write_r
 .text._FAT_seek_r
                0x02009198      0x194 C:/devkitPro/libnds/lib\libfat.a(fatfile.o)
                0x02009198                _FAT_seek_r
 .text._FAT_fstat_r
                0x0200932c       0x8c C:/devkitPro/libnds/lib\libfat.a(fatfile.o)
                0x0200932c                _FAT_fstat_r
 .text._FAT_ftruncate_r
                0x020093b8      0x16c C:/devkitPro/libnds/lib\libfat.a(fatfile.o)
                0x020093b8                _FAT_ftruncate_r
 .text._FAT_fsync_r
                0x02009524       0x44 C:/devkitPro/libnds/lib\libfat.a(fatfile.o)
                0x02009524                _FAT_fsync_r
 .text._FAT_cache_getPage
                0x02009568       0xf0 C:/devkitPro/libnds/lib\libfat.a(cache.o)
 .text._FAT_cache_constructor
                0x02009658       0x90 C:/devkitPro/libnds/lib\libfat.a(cache.o)
                0x02009658                _FAT_cache_constructor
 .text._FAT_cache_readSectors
                0x020096e8       0x60 C:/devkitPro/libnds/lib\libfat.a(cache.o)
                0x020096e8                _FAT_cache_readSectors
 .text._FAT_cache_readPartialSector
                0x02009748       0x3c C:/devkitPro/libnds/lib\libfat.a(cache.o)
                0x02009748                _FAT_cache_readPartialSector
 .text._FAT_cache_readLittleEndianValue
                0x02009784       0x70 C:/devkitPro/libnds/lib\libfat.a(cache.o)
                0x02009784                _FAT_cache_readLittleEndianValue
 .text._FAT_cache_writePartialSector
                0x020097f4       0x4c C:/devkitPro/libnds/lib\libfat.a(cache.o)
                0x020097f4                _FAT_cache_writePartialSector
 .text._FAT_cache_writeLittleEndianValue
                0x02009840       0x8c C:/devkitPro/libnds/lib\libfat.a(cache.o)
                0x02009840                _FAT_cache_writeLittleEndianValue
 .text._FAT_cache_eraseWritePartialSector
                0x020098cc       0x60 C:/devkitPro/libnds/lib\libfat.a(cache.o)
                0x020098cc                _FAT_cache_eraseWritePartialSector
 .text._FAT_cache_writeSectors
                0x0200992c       0x80 C:/devkitPro/libnds/lib\libfat.a(cache.o)
                0x0200992c                _FAT_cache_writeSectors
 .text._FAT_cache_flush
                0x020099ac       0x40 C:/devkitPro/libnds/lib\libfat.a(cache.o)
                0x020099ac                _FAT_cache_flush
 .text._FAT_stat_r
                0x020099ec       0x90 C:/devkitPro/libnds/lib\libfat.a(fatdir.o)
                0x020099ec                _FAT_stat_r
 .text._FAT_link_r
                0x02009a7c        0xc C:/devkitPro/libnds/lib\libfat.a(fatdir.o)
                0x02009a7c                _FAT_link_r
 .text._FAT_unlink_r
                0x02009a88      0x184 C:/devkitPro/libnds/lib\libfat.a(fatdir.o)
                0x02009a88                _FAT_unlink_r
 .text._FAT_chdir_r
                0x02009c0c       0x70 C:/devkitPro/libnds/lib\libfat.a(fatdir.o)
                0x02009c0c                _FAT_chdir_r
 .text._FAT_rename_r
                0x02009c7c      0x1c4 C:/devkitPro/libnds/lib\libfat.a(fatdir.o)
                0x02009c7c                _FAT_rename_r
 .text._FAT_mkdir_r
                0x02009e40      0x244 C:/devkitPro/libnds/lib\libfat.a(fatdir.o)
                0x02009e40                _FAT_mkdir_r
 .text._FAT_statvfs_r
                0x0200a084       0x78 C:/devkitPro/libnds/lib\libfat.a(fatdir.o)
                0x0200a084                _FAT_statvfs_r
 .text._FAT_diropen_r
                0x0200a0fc       0xb0 C:/devkitPro/libnds/lib\libfat.a(fatdir.o)
                0x0200a0fc                _FAT_diropen_r
 .text._FAT_dirreset_r
                0x0200a1ac       0x4c C:/devkitPro/libnds/lib\libfat.a(fatdir.o)
                0x0200a1ac                _FAT_dirreset_r
 .text._FAT_dirnext_r
                0x0200a1f8       0x7c C:/devkitPro/libnds/lib\libfat.a(fatdir.o)
                0x0200a1f8                _FAT_dirnext_r
 .text._FAT_dirclose_r
                0x0200a274       0x20 C:/devkitPro/libnds/lib\libfat.a(fatdir.o)
                0x0200a274                _FAT_dirclose_r
 .text._FAT_directory_entryGetAlias
                0x0200a294       0xc8 C:/devkitPro/libnds/lib\libfat.a(directory.o)
 .text._FAT_directory_incrementDirEntryPosition
                0x0200a35c       0x80 C:/devkitPro/libnds/lib\libfat.a(directory.o)
 .text._FAT_directory_mbsncasecmp
                0x0200a3dc       0xa8 C:/devkitPro/libnds/lib\libfat.a(directory.o)
 .text._FAT_directory_ucs2tombs.constprop.0
                0x0200a484       0x90 C:/devkitPro/libnds/lib\libfat.a(directory.o)
 .text._FAT_directory_entryGetCluster
                0x0200a514       0x20 C:/devkitPro/libnds/lib\libfat.a(directory.o)
                0x0200a514                _FAT_directory_entryGetCluster
 .text._FAT_directory_getNextEntry
                0x0200a534      0x23c C:/devkitPro/libnds/lib\libfat.a(directory.o)
                0x0200a534                _FAT_directory_getNextEntry
 .text._FAT_directory_entryExists
                0x0200a770       0x80 C:/devkitPro/libnds/lib\libfat.a(directory.o)
 .text._FAT_directory_getFirstEntry
                0x0200a7f0       0x20 C:/devkitPro/libnds/lib\libfat.a(directory.o)
                0x0200a7f0                _FAT_directory_getFirstEntry
 .text._FAT_directory_getRootEntry
                0x0200a810       0x60 C:/devkitPro/libnds/lib\libfat.a(directory.o)
                0x0200a810                _FAT_directory_getRootEntry
 .text._FAT_directory_entryFromPosition
                0x0200a870      0x150 C:/devkitPro/libnds/lib\libfat.a(directory.o)
                0x0200a870                _FAT_directory_entryFromPosition
 .text._FAT_directory_entryFromPath
                0x0200a9c0      0x248 C:/devkitPro/libnds/lib\libfat.a(directory.o)
                0x0200a9c0                _FAT_directory_entryFromPath
 .text._FAT_directory_removeEntry
                0x0200ac08       0xd8 C:/devkitPro/libnds/lib\libfat.a(directory.o)
                0x0200ac08                _FAT_directory_removeEntry
 .text._FAT_directory_addEntry
                0x0200ace0      0x808 C:/devkitPro/libnds/lib\libfat.a(directory.o)
                0x0200ace0                _FAT_directory_addEntry
 .text._FAT_directory_chdir
                0x0200b4e8       0x3c C:/devkitPro/libnds/lib\libfat.a(directory.o)
                0x0200b4e8                _FAT_directory_chdir
 .text._FAT_directory_entryStat
                0x0200b524       0xe4 C:/devkitPro/libnds/lib\libfat.a(directory.o)
                0x0200b524                _FAT_directory_entryStat
 .text.isValidMBR
                0x0200b608       0x5c C:/devkitPro/libnds/lib\libfat.a(partition.o)
 .text._FAT_updateFS_INFO
                0x0200b664       0x54 C:/devkitPro/libnds/lib\libfat.a(partition.o)
 .text.FindFirstValidPartition_buf.part.0
                0x0200b6b8      0x11c C:/devkitPro/libnds/lib\libfat.a(partition.o)
 .text._FAT_partition_getPartitionFromPath
                0x0200b7d4       0x10 C:/devkitPro/libnds/lib\libfat.a(partition.o)
                0x0200b7d4                _FAT_partition_getPartitionFromPath
 .text._FAT_partition_createFSinfo
                0x0200b7e4       0x50 C:/devkitPro/libnds/lib\libfat.a(partition.o)
                0x0200b7e4                _FAT_partition_createFSinfo
 .text._FAT_partition_readFSinfo.part.0
                0x0200b834       0x74 C:/devkitPro/libnds/lib\libfat.a(partition.o)
 .text._FAT_partition_constructor_buf
                0x0200b8a8      0x2e8 C:/devkitPro/libnds/lib\libfat.a(partition.o)
                0x0200b8a8                _FAT_partition_constructor_buf
 .text._FAT_partition_constructor
                0x0200bb90       0x40 C:/devkitPro/libnds/lib\libfat.a(partition.o)
                0x0200bb90                _FAT_partition_constructor
 .text._FAT_partition_readFSinfo
                0x0200bbd0       0x10 C:/devkitPro/libnds/lib\libfat.a(partition.o)
                0x0200bbd0                _FAT_partition_readFSinfo
 .text._FAT_lock_init
                0x0200bbe0        0x4 C:/devkitPro/libnds/lib\libfat.a(lock.o)
                0x0200bbe0                _FAT_lock_init
 .text._FAT_lock
                0x0200bbe4        0x4 C:/devkitPro/libnds/lib\libfat.a(lock.o)
                0x0200bbe4                _FAT_lock
 .text._FAT_unlock
                0x0200bbe8        0x4 C:/devkitPro/libnds/lib\libfat.a(lock.o)
                0x0200bbe8                _FAT_unlock
 .text._FAT_filetime_getTimeFromRTC
                0x0200bbec       0x44 C:/devkitPro/libnds/lib\libfat.a(filetime.o)
                0x0200bbec                _FAT_filetime_getTimeFromRTC
 .text._FAT_filetime_getDateFromRTC
                0x0200bc30       0x44 C:/devkitPro/libnds/lib\libfat.a(filetime.o)
                0x0200bc30                _FAT_filetime_getDateFromRTC
 .text._FAT_filetime_to_time_t
                0x0200bc74       0x38 C:/devkitPro/libnds/lib\libfat.a(filetime.o)
                0x0200bc74                _FAT_filetime_to_time_t
 .text._FAT_fat_writeFatEntry.part.0.isra.0
                0x0200bcac      0x12c C:/devkitPro/libnds/lib\libfat.a(file_allocation_table.o)
 .text._FAT_fat_nextCluster
                0x0200bdd8      0x108 C:/devkitPro/libnds/lib\libfat.a(file_allocation_table.o)
                0x0200bdd8                _FAT_fat_nextCluster
 .text._FAT_fat_linkFreeCluster
                0x0200bee0       0xac C:/devkitPro/libnds/lib\libfat.a(file_allocation_table.o)
                0x0200bee0                _FAT_fat_linkFreeCluster
 .text._FAT_fat_linkFreeClusterCleared
                0x0200bf8c       0x68 C:/devkitPro/libnds/lib\libfat.a(file_allocation_table.o)
                0x0200bf8c                _FAT_fat_linkFreeClusterCleared
 .text._FAT_fat_clearLinks
                0x0200bff4       0x7c C:/devkitPro/libnds/lib\libfat.a(file_allocation_table.o)
                0x0200bff4                _FAT_fat_clearLinks
 .text._FAT_fat_trimChain
                0x0200c070       0x80 C:/devkitPro/libnds/lib\libfat.a(file_allocation_table.o)
                0x0200c070                _FAT_fat_trimChain
 .text._FAT_fat_lastCluster
                0x0200c0f0       0x34 C:/devkitPro/libnds/lib\libfat.a(file_allocation_table.o)
                0x0200c0f0                _FAT_fat_lastCluster
 .text._FAT_fat_freeClusterCount
                0x0200c124       0x2c C:/devkitPro/libnds/lib\libfat.a(file_allocation_table.o)
                0x0200c124                _FAT_fat_freeClusterCount
 .text.bgIsText
                0x0200c150        0xc C:/devkitPro/libnds/lib\libnds9.a(background.o)
                0x0200c150                bgIsText
 .text.checkIfText
                0x0200c15c       0x5c C:/devkitPro/libnds/lib\libnds9.a(background.o)
                0x0200c15c                checkIfText
 .text.bgUpdate
                0x0200c1b8       0xf4 C:/devkitPro/libnds/lib\libnds9.a(background.o)
                0x0200c1b8                bgUpdate
 .text.bgInit_call
                0x0200c2ac       0xc4 C:/devkitPro/libnds/lib\libnds9.a(background.o)
                0x0200c2ac                bgInit_call
 .text.bgInitSub_call
                0x0200c370       0xcc C:/devkitPro/libnds/lib\libnds9.a(background.o)
                0x0200c370                bgInitSub_call
 .text.sinLutLookup
                0x0200c43c       0x4c C:/devkitPro/libnds/lib\libnds9.a(trig.o)
                0x0200c43c                sinLutLookup
 .text.sinLerp  0x0200c488       0x40 C:/devkitPro/libnds/lib\libnds9.a(trig.o)
                0x0200c488                sinLerp
 .text.cosLerp  0x0200c4c8       0x4c C:/devkitPro/libnds/lib\libnds9.a(trig.o)
                0x0200c4c8                cosLerp
 .text.vramSetPrimaryBanks
                0x0200c514       0x44 C:/devkitPro/libnds/lib\libnds9.a(video.o)
                0x0200c514                vramSetPrimaryBanks
 .text.vramDefault
                0x0200c558       0xd0 C:/devkitPro/libnds/lib\libnds9.a(video.o)
                0x0200c558                vramDefault
 .text.__sassert
                0x0200c628       0x38 C:/devkitPro/libnds/lib\libnds9.a(sassert.o)
                0x0200c628                __sassert
 .text.newRow   0x0200c660       0xa8 C:/devkitPro/libnds/lib\libnds9.a(console.o)
 .text.consolePrintChar
                0x0200c708       0xe0 C:/devkitPro/libnds/lib\libnds9.a(console.o)
                0x0200c708                consolePrintChar
 .text.con_write
                0x0200c7e8      0x36c C:/devkitPro/libnds/lib\libnds9.a(console.o)
                0x0200c7e8                con_write
 .text.consoleLoadFont
                0x0200cb54      0x2a0 C:/devkitPro/libnds/lib\libnds9.a(console.o)
                0x0200cb54                consoleLoadFont
 .text.consoleInit
                0x0200cdf4      0x18c C:/devkitPro/libnds/lib\libnds9.a(console.o)
                0x0200cdf4                consoleInit
 .text.consoleDemoInit
                0x0200cf80       0x40 C:/devkitPro/libnds/lib\libnds9.a(console.o)
                0x0200cf80                consoleDemoInit
 .text.soundEnable
                0x0200cfc0       0x10 C:/devkitPro/libnds/lib\libnds9.a(sound.o)
                0x0200cfc0                soundEnable
 .text.soundPlaySample
                0x0200cfd0       0x68 C:/devkitPro/libnds/lib\libnds9.a(sound.o)
                0x0200cfd0                soundPlaySample
 .text.soundKill
                0x0200d038       0x14 C:/devkitPro/libnds/lib\libnds9.a(sound.o)
                0x0200d038                soundKill
 .text.soundSetVolume
                0x0200d04c       0x14 C:/devkitPro/libnds/lib\libnds9.a(sound.o)
                0x0200d04c                soundSetVolume
 .text.scanKeys
                0x0200d060       0x8c C:/devkitPro/libnds/lib\libnds9.a(keys.o)
                0x0200d060                scanKeys
 .text.keysDown
                0x0200d0ec       0x14 C:/devkitPro/libnds/lib\libnds9.a(keys.o)
                0x0200d0ec                keysDown
 .text.dldiGetInternal
                0x0200d100       0x34 C:/devkitPro/libnds/lib\libnds9.a(dldi.o)
                0x0200d100                dldiGetInternal
 .text.get_io_dsisd
                0x0200d134       0x24 C:/devkitPro/libnds/lib\libnds9.a(dldi.o)
                0x0200d134                get_io_dsisd
 .text.__syscall_gettod_r
                0x0200d158       0x28 C:/devkitPro/libnds/lib\libnds9.a(initSystem.o)
                0x0200d158                __syscall_gettod_r
 .text.__syscall_exit
                0x0200d180        0x8 C:/devkitPro/libnds/lib\libnds9.a(initSystem.o)
                0x0200d180                __syscall_exit
 .text.initSystem
                0x0200d188      0x180 C:/devkitPro/libnds/lib\libnds9.a(initSystem.o)
                0x0200d188                initSystem
 .text.irqDummy
                0x0200d308        0x4 C:/devkitPro/libnds/lib\libnds9.a(interrupts.o)
                0x0200d308                irqDummy
 .text.irqSet   0x0200d30c       0x6c C:/devkitPro/libnds/lib\libnds9.a(interrupts.o)
                0x0200d30c                irqSet
 .text.irqInit  0x0200d378       0x50 C:/devkitPro/libnds/lib\libnds9.a(interrupts.o)
                0x0200d378                irqInit
 .text.irqEnable
                0x0200d3c8       0x64 C:/devkitPro/libnds/lib\libnds9.a(interrupts.o)
                0x0200d3c8                irqEnable
 .text.systemErrorExit
                0x0200d42c        0x4 C:/devkitPro/libnds/lib\libnds9.a(libnds_exit.arm.o)
                0x0200d42c                systemErrorExit
 .text.__libnds_exit
                0x0200d430       0x5c C:/devkitPro/libnds/lib\libnds9.a(libnds_exit.arm.o)
                0x0200d430                __libnds_exit
 .text.cardPolledTransfer
                0x0200d48c       0x54 C:/devkitPro/libnds/lib\libnds9.a(card.o)
                0x0200d48c                cardPolledTransfer
 .text.cardParamCommand
                0x0200d4e0       0x34 C:/devkitPro/libnds/lib\libnds9.a(card.o)
                0x0200d4e0                cardParamCommand
 .text.fifo_queueBlock
                0x0200d514       0x44 C:/devkitPro/libnds/lib\libnds9.a(fifosystem.o)
 .text.fifo_waitBlock
                0x0200d558       0x80 C:/devkitPro/libnds/lib\libnds9.a(fifosystem.o)
 .text.fifoInternalSend.part.0
                0x0200d5d8       0xd4 C:/devkitPro/libnds/lib\libnds9.a(fifosystem.o)
 .text.fifoInternalSendInterrupt
                0x0200d6ac       0xb0 C:/devkitPro/libnds/lib\libnds9.a(fifosystem.o)
 .text.fifoSetValue32Handler
                0x0200d75c       0xd4 C:/devkitPro/libnds/lib\libnds9.a(fifosystem.o)
                0x0200d75c                fifoSetValue32Handler
 .text.fifoSendValue32
                0x0200d830       0x4c C:/devkitPro/libnds/lib\libnds9.a(fifosystem.o)
                0x0200d830                fifoSendValue32
 .text.fifoSendDatamsg
                0x0200d87c       0x90 C:/devkitPro/libnds/lib\libnds9.a(fifosystem.o)
                0x0200d87c                fifoSendDatamsg
 .text.fifoGetValue32
                0x0200d90c       0x70 C:/devkitPro/libnds/lib\libnds9.a(fifosystem.o)
                0x0200d90c                fifoGetValue32
 .text.fifoGetDatamsg
                0x0200d97c       0xf4 C:/devkitPro/libnds/lib\libnds9.a(fifosystem.o)
                0x0200d97c                fifoGetDatamsg
 .text.fifoInternalRecvInterrupt
                0x0200da70      0x37c C:/devkitPro/libnds/lib\libnds9.a(fifosystem.o)
 .text.fifoSetDatamsgHandler
                0x0200ddec       0x9c C:/devkitPro/libnds/lib\libnds9.a(fifosystem.o)
                0x0200ddec                fifoSetDatamsgHandler
 .text.fifoCheckValue32
                0x0200de88       0x24 C:/devkitPro/libnds/lib\libnds9.a(fifosystem.o)
                0x0200de88                fifoCheckValue32
 .text.fifoInit
                0x0200deac      0x108 C:/devkitPro/libnds/lib\libnds9.a(fifosystem.o)
                0x0200deac                fifoInit
 .text.__libnds_mpu_setup
                0x0200dfb4      0x174 C:/devkitPro/libnds/lib\libnds9.a(mpu_setup.o)
                0x0200dfb4                __libnds_mpu_setup
 .text.memUncached
                0x0200e128       0x20 C:/devkitPro/libnds/lib\libnds9.a(mpu_setup.o)
                0x0200e128                memUncached
 .text.swiWaitForVBlank
                0x0200e148        0x8 C:/devkitPro/libnds/lib\libnds9.a(IntrWait.o)
                0x0200e148                swiWaitForVBlank
 .text.swiIntrWait
                0x0200e150       0x70 C:/devkitPro/libnds/lib\libnds9.a(IntrWait.o)
                0x0200e150                swiIntrWait
 .text.setCpuClock
                0x0200e1c0       0x50 C:/devkitPro/libnds/lib\libnds9.a(cpu_clock.o)
                0x0200e1c0                setCpuClock
 .text.swiDelay
                0x0200e210        0x4 C:/devkitPro/libnds/lib\libnds9.a(biosCalls.o)
                0x0200e210                swiDelay
 .text.swiSoftReset
                0x0200e214       0x2c C:/devkitPro/libnds/lib\libnds9.a(swiSoftReset.o)
                0x0200e214                swiSoftReset
 .text.systemValueHandler
                0x0200e240       0x48 C:/devkitPro/libnds/lib\libnds9.a(system.o)
                0x0200e240                systemValueHandler
 .text.systemMsgHandler
                0x0200e288       0x60 C:/devkitPro/libnds/lib\libnds9.a(system.o)
                0x0200e288                systemMsgHandler
 .text.powerOn  0x0200e2e8       0x2c C:/devkitPro/libnds/lib\libnds9.a(system.o)
                0x0200e2e8                powerOn
 .text.DC_FlushRange
                0x0200e314       0x24 C:/devkitPro/libnds/lib\libnds9.a(dcache.o)
                0x0200e314                DC_FlushRange
 .text.__muldi3
                0x0200e338       0x64 C:/devkitPro/devkitARM/bin/../lib/gcc/arm-none-eabi/13.2.0/thumb\libgcc.a(_muldi3.o)
                0x0200e338                __muldi3
                0x0200e338                __aeabi_lmul
 .text.__udivmoddi4
                0x0200e39c      0x19c C:/devkitPro/devkitARM/bin/../lib/gcc/arm-none-eabi/13.2.0/thumb\libgcc.a(_udivmoddi4.o)
                0x0200e39c                __udivmoddi4
 .text.towlower
                0x0200e538       0x10 C:/devkitPro/devkitARM/bin/../lib/gcc/arm-none-eabi/13.2.0/../../../../arm-none-eabi/lib/thumb\libg.a(libc_a-towlower.o)
                0x0200e538                towlower
 .text._mbrtowc_r
                0x0200e548       0x90 C:/devkitPro/devkitARM/bin/../lib/gcc/arm-none-eabi/13.2.0/../../../../arm-none-eabi/lib/thumb\libg.a(libc_a-mbrtowc.o)
                0x0200e548                _mbrtowc_r
 .text.mbrtowc  0x0200e5d8       0x94 C:/devkitPro/devkitARM/bin/../lib/gcc/arm-none-eabi/13.2.0/../../../../arm-none-eabi/lib/thumb\libg.a(libc_a-mbrtowc.o)
                0x0200e5d8                mbrtowc
 .text._wcrtomb_r
                0x0200e66c       0x84 C:/devkitPro/devkitARM/bin/../lib/gcc/arm-none-eabi/13.2.0/../../../../arm-none-eabi/lib/thumb\libg.a(libc_a-wcrtomb.o)
                0x0200e66c                _wcrtomb_r
 .text.wcrtomb  0x0200e6f0       0x88 C:/devkitPro/devkitARM/bin/../lib/gcc/arm-none-eabi/13.2.0/../../../../arm-none-eabi/lib/thumb\libg.a(libc_a-wcrtomb.o)
                0x0200e6f0                wcrtomb
 .text.towupper
                0x0200e778       0x10 C:/devkitPro/devkitARM/bin/../lib/gcc/arm-none-eabi/13.2.0/../../../../arm-none-eabi/lib/thumb\libg.a(libc_a-towupper.o)
                0x0200e778                towupper
 .text.printf   0x0200e788       0x24 C:/devkitPro/devkitARM/bin/../lib/gcc/arm-none-eabi/13.2.0/../../../../arm-none-eabi/lib/thumb\libg.a(libc_a-printf.o)
                0x0200e788                printf
 .text.mbsrtowcs
                0x0200e7ac       0x28 C:/devkitPro/devkitARM/bin/../lib/gcc/arm-none-eabi/13.2.0/../../../../arm-none-eabi/lib/thumb\libg.a(libc_a-mbsrtowcs.o)
                0x0200e7ac                mbsrtowcs
 .text.wctob    0x0200e7d4       0x58 C:/devkitPro/devkitARM/bin/../lib/gcc/arm-none-eabi/13.2.0/../../../../arm-none-eabi/lib/thumb\libg.a(libc_a-wctob.o)
                0x0200e7d4                wctob
 .text.towctrans
                0x0200e82c       0x28 C:/devkitPro/devkitARM/bin/../lib/gcc/arm-none-eabi/13.2.0/../../../../arm-none-eabi/lib/thumb\libg.a(libc_a-towctrans.o)
                0x0200e82c                towctrans
 .text.sprintf  0x0200e854       0x40 C:/devkitPro/devkitARM/bin/../lib/gcc/arm-none-eabi/13.2.0/../../../../arm-none-eabi/lib/thumb\libg.a(libc_a-sprintf.o)
                0x0200e854                sprintf
 .text._puts_r  0x0200e894       0x88 C:/devkitPro/devkitARM/bin/../lib/gcc/arm-none-eabi/13.2.0/../../../../arm-none-eabi/lib/thumb\libg.a(libc_a-puts.o)
                0x0200e894                _puts_r
 .text.puts     0x0200e91c       0x14 C:/devkitPro/devkitARM/bin/../lib/gcc/arm-none-eabi/13.2.0/../../../../arm-none-eabi/lib/thumb\libg.a(libc_a-puts.o)
                0x0200e91c                puts
 .text.siscanf  0x0200e930       0x4c C:/devkitPro/devkitARM/bin/../lib/gcc/arm-none-eabi/13.2.0/../../../../arm-none-eabi/lib/thumb\libg.a(libc_a-siscanf.o)
                0x0200e930                siscanf
 .text.calloc   0x0200e97c       0x18 C:/devkitPro/devkitARM/bin/../lib/gcc/arm-none-eabi/13.2.0/../../../../arm-none-eabi/lib/thumb\libg.a(libc_a-calloc.o)
                0x0200e97c                calloc
 .text._calloc_r
                0x0200e994       0xb8 C:/devkitPro/devkitARM/bin/../lib/gcc/arm-none-eabi/13.2.0/../../../../arm-none-eabi/lib/thumb\libg.a(libc_a-callocr.o)
                0x0200e994                _calloc_r
 .text.setvbuf  0x0200ea4c      0x1a4 C:/devkitPro/devkitARM/bin/../lib/gcc/arm-none-eabi/13.2.0/../../../../arm-none-eabi/lib/thumb\libg.a(libc_a-setvbuf.o)
                0x0200ea4c                setvbuf
 .text.get_arg  0x0200ebf0       0x3e C:/devkitPro/devkitARM/bin/../lib/gcc/arm-none-eabi/13.2.0/../../../../arm-none-eabi/lib/thumb\libg.a(libc_a-svfiscanf.o)
 .text._sungetc_r
                0x0200ec2e       0x7e C:/devkitPro/devkitARM/bin/../lib/gcc/arm-none-eabi/13.2.0/../../../../arm-none-eabi/lib/thumb\libg.a(libc_a-svfiscanf.o)
                0x0200ec2e                _sungetc_r
 .text.__ssrefill_r
                0x0200ecac       0x42 C:/devkitPro/devkitARM/bin/../lib/gcc/arm-none-eabi/13.2.0/../../../../arm-none-eabi/lib/thumb\libg.a(libc_a-svfiscanf.o)
                0x0200ecac                __ssrefill_r
 .text._sfread_r
                0x0200ecee       0x88 C:/devkitPro/devkitARM/bin/../lib/gcc/arm-none-eabi/13.2.0/../../../../arm-none-eabi/lib/thumb\libg.a(libc_a-svfiscanf.o)
                0x0200ecee                _sfread_r
 *fill*         0x0200ed76        0x2 ff
 .text.__ssvfiscanf_r
                0x0200ed78     0x1ac4 C:/devkitPro/devkitARM/bin/../lib/gcc/arm-none-eabi/13.2.0/../../../../arm-none-eabi/lib/thumb\libg.a(libc_a-svfiscanf.o)
                0x0200ed78                __ssvfiscanf_r
 .text._malloc_trim_r
                0x0201083c       0xac C:/devkitPro/devkitARM/bin/../lib/gcc/arm-none-eabi/13.2.0/../../../../arm-none-eabi/lib/thumb\libg.a(libc_a-freer.o)
                0x0201083c                _malloc_trim_r
 .text._free_r  0x020108e8      0x1d8 C:/devkitPro/devkitARM/bin/../lib/gcc/arm-none-eabi/13.2.0/../../../../arm-none-eabi/lib/thumb\libg.a(libc_a-freer.o)
                0x020108e8                _free_r
 .text.iprintf  0x02010ac0       0x24 C:/devkitPro/devkitARM/bin/../lib/gcc/arm-none-eabi/13.2.0/../../../../arm-none-eabi/lib/thumb\libg.a(libc_a-iprintf.o)
                0x02010ac0                iprintf
 .text.strchr   0x02010ae4       0xc8 C:/devkitPro/devkitARM/bin/../lib/gcc/arm-none-eabi/13.2.0/../../../../arm-none-eabi/lib/thumb\libg.a(libc_a-strchr.o)
                0x02010ae4                strchr
 .text.memcmp   0x02010bac       0x4c C:/devkitPro/devkitARM/bin/../lib/gcc/arm-none-eabi/13.2.0/../../../../arm-none-eabi/lib/thumb\libg.a(libc_a-memcmp.o)
                0x02010bac                memcmp
 .text._fclose_r
                0x02010bf8       0xd8 C:/devkitPro/devkitARM/bin/../lib/gcc/arm-none-eabi/13.2.0/../../../../arm-none-eabi/lib/thumb\libg.a(libc_a-fclose.o)
                0x02010bf8                _fclose_r
 .text.fclose   0x02010cd0       0x14 C:/devkitPro/devkitARM/bin/../lib/gcc/arm-none-eabi/13.2.0/../../../../arm-none-eabi/lib/thumb\libg.a(libc_a-fclose.o)
                0x02010cd0                fclose
 .text.get_arg  0x02010ce4      0x434 C:/devkitPro/devkitARM/bin/../lib/gcc/arm-none-eabi/13.2.0/../../../../arm-none-eabi/lib/thumb\libg.a(libc_a-svfprintf.o)
 .text._svfprintf_r
                0x02011118     0x2314 C:/devkitPro/devkitARM/bin/../lib/gcc/arm-none-eabi/13.2.0/../../../../arm-none-eabi/lib/thumb\libg.a(libc_a-svfprintf.o)
                0x02011118                _svfprintf_r
 .text.malloc   0x0201342c       0x14 C:/devkitPro/devkitARM/bin/../lib/gcc/arm-none-eabi/13.2.0/../../../../arm-none-eabi/lib/thumb\libg.a(libc_a-malloc.o)
                0x0201342c                malloc
 .text.free     0x02013440       0x14 C:/devkitPro/devkitARM/bin/../lib/gcc/arm-none-eabi/13.2.0/../../../../arm-none-eabi/lib/thumb\libg.a(libc_a-malloc.o)
                0x02013440                free
 .text.viprintf
                0x02013454       0x1c C:/devkitPro/devkitARM/bin/../lib/gcc/arm-none-eabi/13.2.0/../../../../arm-none-eabi/lib/thumb\libg.a(libc_a-viprintf.o)
                0x02013454                viprintf
 .text._malloc_r
                0x02013470      0x558 C:/devkitPro/devkitARM/bin/../lib/gcc/arm-none-eabi/13.2.0/../../../../arm-none-eabi/lib/thumb\libg.a(libc_a-mallocr.o)
                0x02013470                _malloc_r
 .text.memmove  0x020139c8       0xbc C:/devkitPro/devkitARM/bin/../lib/gcc/arm-none-eabi/13.2.0/../../../../arm-none-eabi/lib/thumb\libg.a(libc_a-memmove.o)
                0x020139c8                memmove
 .text.memset   0x02013a84       0xb0 C:/devkitPro/devkitARM/bin/../lib/gcc/arm-none-eabi/13.2.0/../../../../arm-none-eabi/lib/thumb\libg.a(libc_a-memset.o)
                0x02013a84                memset
 .text.__malloc_lock
                0x02013b34       0x14 C:/devkitPro/devkitARM/bin/../lib/gcc/arm-none-eabi/13.2.0/../../../../arm-none-eabi/lib/thumb\libg.a(libc_a-mlock.o)
                0x02013b34                __malloc_lock
 .text.__malloc_unlock
                0x02013b48       0x14 C:/devkitPro/devkitARM/bin/../lib/gcc/arm-none-eabi/13.2.0/../../../../arm-none-eabi/lib/thumb\libg.a(libc_a-mlock.o)
                0x02013b48                __malloc_unlock
 .text.get_arg  0x02013b5c      0x434 C:/devkitPro/devkitARM/bin/../lib/gcc/arm-none-eabi/13.2.0/../../../../arm-none-eabi/lib/thumb\libg.a(libc_a-vfprintf.o)
 .text._vfprintf_r
                0x02013f90     0x2388 C:/devkitPro/devkitARM/bin/../lib/gcc/arm-none-eabi/13.2.0/../../../../arm-none-eabi/lib/thumb\libg.a(libc_a-vfprintf.o)
                0x02013f90                _vfprintf_r
 .text.__sbprintf
                0x02016318       0x7c C:/devkitPro/devkitARM/bin/../lib/gcc/arm-none-eabi/13.2.0/../../../../arm-none-eabi/lib/thumb\libg.a(libc_a-vfprintf.o)
 .text.strlen   0x02016394       0x60 C:/devkitPro/devkitARM/bin/../lib/gcc/arm-none-eabi/13.2.0/../../../../arm-none-eabi/lib/thumb\libg.a(libc_a-strlen.o)
                0x02016394                strlen
 .text._fopen_r
                0x020163f4       0xb8 C:/devkitPro/devkitARM/bin/../lib/gcc/arm-none-eabi/13.2.0/../../../../arm-none-eabi/lib/thumb\libg.a(libc_a-fopen.o)
                0x020163f4                _fopen_r
 .text.fopen    0x020164ac       0x18 C:/devkitPro/devkitARM/bin/../lib/gcc/arm-none-eabi/13.2.0/../../../../arm-none-eabi/lib/thumb\libg.a(libc_a-fopen.o)
                0x020164ac                fopen
 .text.__sflush_r
                0x020164c4      0x188 C:/devkitPro/devkitARM/bin/../lib/gcc/arm-none-eabi/13.2.0/../../../../arm-none-eabi/lib/thumb\libg.a(libc_a-fflush.o)
                0x020164c4                __sflush_r
 .text._fflush_r
                0x0201664c       0x70 C:/devkitPro/devkitARM/bin/../lib/gcc/arm-none-eabi/13.2.0/../../../../arm-none-eabi/lib/thumb\libg.a(libc_a-fflush.o)
                0x0201664c                _fflush_r
 .text.strpbrk  0x020166bc       0x4c C:/devkitPro/devkitARM/bin/../lib/gcc/arm-none-eabi/13.2.0/../../../../arm-none-eabi/lib/thumb\libg.a(libc_a-strpbrk.o)
                0x020166bc                strpbrk
 .text.strdup   0x02016708       0x14 C:/devkitPro/devkitARM/bin/../lib/gcc/arm-none-eabi/13.2.0/../../../../arm-none-eabi/lib/thumb\libg.a(libc_a-strdup.o)
                0x02016708                strdup
 .text.strcasecmp
                0x0201671c       0x48 C:/devkitPro/devkitARM/bin/../lib/gcc/arm-none-eabi/13.2.0/../../../../arm-none-eabi/lib/thumb\libg.a(libc_a-strcasecmp.o)
                0x0201671c                strcasecmp
 .text.strrchr  0x02016764       0x30 C:/devkitPro/devkitARM/bin/../lib/gcc/arm-none-eabi/13.2.0/../../../../arm-none-eabi/lib/thumb\libg.a(libc_a-strrchr.o)
                0x02016764                strrchr
 .text.strncasecmp
                0x02016794       0x54 C:/devkitPro/devkitARM/bin/../lib/gcc/arm-none-eabi/13.2.0/../../../../arm-none-eabi/lib/thumb\libg.a(libc_a-strncasecmp.o)
                0x02016794                strncasecmp
 .text._strdup_r
                0x020167e8       0x2c C:/devkitPro/devkitARM/bin/../lib/gcc/arm-none-eabi/13.2.0/../../../../arm-none-eabi/lib/thumb\libg.a(libc_a-strdup_r.o)
                0x020167e8                _strdup_r
 .text.ftell    0x02016814       0x24 C:/devkitPro/devkitARM/bin/../lib/gcc/arm-none-eabi/13.2.0/../../../../arm-none-eabi/lib/thumb\libg.a(libc_a-ftell.o)
                0x02016814                ftell
 .text.__sfvwrite_r
                0x02016838      0x330 C:/devkitPro/devkitARM/bin/../lib/gcc/arm-none-eabi/13.2.0/../../../../arm-none-eabi/lib/thumb\libg.a(libc_a-fvwrite.o)
                0x02016838                __sfvwrite_r
 .text.strncmp  0x02016b68       0x78 C:/devkitPro/devkitARM/bin/../lib/gcc/arm-none-eabi/13.2.0/../../../../arm-none-eabi/lib/thumb\libg.a(libc_a-strncmp.o)
                0x02016b68                strncmp
 .text._fwalk_sglue
                0x02016be0       0x4c C:/devkitPro/devkitARM/bin/../lib/gcc/arm-none-eabi/13.2.0/../../../../arm-none-eabi/lib/thumb\libg.a(libc_a-fwalk.o)
                0x02016be0                _fwalk_sglue
 .text._fread_r
                0x02016c2c      0x224 C:/devkitPro/devkitARM/bin/../lib/gcc/arm-none-eabi/13.2.0/../../../../arm-none-eabi/lib/thumb\libg.a(libc_a-fread.o)
                0x02016c2c                _fread_r
 .text.fread    0x02016e50       0x24 C:/devkitPro/devkitARM/bin/../lib/gcc/arm-none-eabi/13.2.0/../../../../arm-none-eabi/lib/thumb\libg.a(libc_a-fread.o)
                0x02016e50                fread
 .text._realloc_r
                0x02016e74      0x384 C:/devkitPro/devkitARM/bin/../lib/gcc/arm-none-eabi/13.2.0/../../../../arm-none-eabi/lib/thumb\libg.a(libc_a-reallocr.o)
                0x02016e74                _realloc_r
 .text.strncpy  0x020171f8       0x68 C:/devkitPro/devkitARM/bin/../lib/gcc/arm-none-eabi/13.2.0/../../../../arm-none-eabi/lib/thumb\libg.a(libc_a-strncpy.o)
                0x020171f8                strncpy
 .text.stdio_exit_handler
                0x02017260       0x20 C:/devkitPro/devkitARM/bin/../lib/gcc/arm-none-eabi/13.2.0/../../../../arm-none-eabi/lib/thumb\libg.a(libc_a-findfp.o)
 .text.cleanup_stdio
                0x02017280       0x40 C:/devkitPro/devkitARM/bin/../lib/gcc/arm-none-eabi/13.2.0/../../../../arm-none-eabi/lib/thumb\libg.a(libc_a-findfp.o)
 .text.global_stdio_init.part.0
                0x020172c0      0x128 C:/devkitPro/devkitARM/bin/../lib/gcc/arm-none-eabi/13.2.0/../../../../arm-none-eabi/lib/thumb\libg.a(libc_a-findfp.o)
 .text.__sfp    0x020173e8       0xcc C:/devkitPro/devkitARM/bin/../lib/gcc/arm-none-eabi/13.2.0/../../../../arm-none-eabi/lib/thumb\libg.a(libc_a-findfp.o)
                0x020173e8                __sfp
 .text.__sinit  0x020174b4       0x3c C:/devkitPro/devkitARM/bin/../lib/gcc/arm-none-eabi/13.2.0/../../../../arm-none-eabi/lib/thumb\libg.a(libc_a-findfp.o)
                0x020174b4                __sinit
 .text.__sfp_lock_acquire
                0x020174f0       0x14 C:/devkitPro/devkitARM/bin/../lib/gcc/arm-none-eabi/13.2.0/../../../../arm-none-eabi/lib/thumb\libg.a(libc_a-findfp.o)
                0x020174f0                __sfp_lock_acquire
 .text.__sfp_lock_release
                0x02017504       0x14 C:/devkitPro/devkitARM/bin/../lib/gcc/arm-none-eabi/13.2.0/../../../../arm-none-eabi/lib/thumb\libg.a(libc_a-findfp.o)
                0x02017504                __sfp_lock_release
 .text.localtime_r
                0x02017518      0x228 C:/devkitPro/devkitARM/bin/../lib/gcc/arm-none-eabi/13.2.0/../../../../arm-none-eabi/lib/thumb\libg.a(libc_a-lcltime_r.o)
                0x02017518                localtime_r
 .text.strnlen  0x02017740       0x28 C:/devkitPro/devkitARM/bin/../lib/gcc/arm-none-eabi/13.2.0/../../../../arm-none-eabi/lib/thumb\libg.a(libc_a-strnlen.o)
                0x02017740                strnlen
 .text._tzset_unlocked
                0x02017768       0x10 C:/devkitPro/devkitARM/bin/../lib/gcc/arm-none-eabi/13.2.0/../../../../arm-none-eabi/lib/thumb\libg.a(libc_a-tzset.o)
                0x02017768                _tzset_unlocked
 .text.validate_structure
                0x02017778      0x1d4 C:/devkitPro/devkitARM/bin/../lib/gcc/arm-none-eabi/13.2.0/../../../../arm-none-eabi/lib/thumb\libg.a(libc_a-mktime.o)
 .text.mktime   0x0201794c      0x428 C:/devkitPro/devkitARM/bin/../lib/gcc/arm-none-eabi/13.2.0/../../../../arm-none-eabi/lib/thumb\libg.a(libc_a-mktime.o)
                0x0201794c                mktime
 .text._fseek_r
                0x02017d74       0x18 C:/devkitPro/devkitARM/bin/../lib/gcc/arm-none-eabi/13.2.0/../../../../arm-none-eabi/lib/thumb\libg.a(libc_a-fseek.o)
                0x02017d74                _fseek_r
 .text.fseek    0x02017d8c       0x24 C:/devkitPro/devkitARM/bin/../lib/gcc/arm-none-eabi/13.2.0/../../../../arm-none-eabi/lib/thumb\libg.a(libc_a-fseek.o)
                0x02017d8c                fseek
 .text._tzset_unlocked_r
                0x02017db0      0x4b8 C:/devkitPro/devkitARM/bin/../lib/gcc/arm-none-eabi/13.2.0/../../../../arm-none-eabi/lib/thumb\libg.a(libc_a-tzset_r.o)
                0x02017db0                _tzset_unlocked_r
 .text._strtol_l.part.0
                0x02018268      0x13c C:/devkitPro/devkitARM/bin/../lib/gcc/arm-none-eabi/13.2.0/../../../../arm-none-eabi/lib/thumb\libg.a(libc_a-strtol.o)
 .text._strtol_r
                0x020183a4       0x34 C:/devkitPro/devkitARM/bin/../lib/gcc/arm-none-eabi/13.2.0/../../../../arm-none-eabi/lib/thumb\libg.a(libc_a-strtol.o)
                0x020183a4                _strtol_r
 .text.realloc  0x020183d8       0x18 C:/devkitPro/devkitARM/bin/../lib/gcc/arm-none-eabi/13.2.0/../../../../arm-none-eabi/lib/thumb\libg.a(libc_a-realloc.o)
                0x020183d8                realloc
 .text.__gettzinfo
                0x020183f0        0x8 C:/devkitPro/devkitARM/bin/../lib/gcc/arm-none-eabi/13.2.0/../../../../arm-none-eabi/lib/thumb\libg.a(libc_a-gettzinfo.o)
                0x020183f0                __gettzinfo
 .text._strtoul_l.isra.0
                0x020183f8      0x144 C:/devkitPro/devkitARM/bin/../lib/gcc/arm-none-eabi/13.2.0/../../../../arm-none-eabi/lib/thumb\libg.a(libc_a-strtoul.o)
 .text._strtoul_r
                0x0201853c       0x20 C:/devkitPro/devkitARM/bin/../lib/gcc/arm-none-eabi/13.2.0/../../../../arm-none-eabi/lib/thumb\libg.a(libc_a-strtoul.o)
                0x0201853c                _strtoul_r
 .text.strtoul  0x0201855c       0x24 C:/devkitPro/devkitARM/bin/../lib/gcc/arm-none-eabi/13.2.0/../../../../arm-none-eabi/lib/thumb\libg.a(libc_a-strtoul.o)
                0x0201855c                strtoul
 .text.__locale_mb_cur_max
                0x02018580       0x20 C:/devkitPro/devkitARM/bin/../lib/gcc/arm-none-eabi/13.2.0/../../../../arm-none-eabi/lib/thumb\libg.a(libc_a-locale.o)
                0x02018580                __locale_mb_cur_max
 .text.time     0x020185a0       0x38 C:/devkitPro/devkitARM/bin/../lib/gcc/arm-none-eabi/13.2.0/../../../../arm-none-eabi/lib/thumb\libg.a(libc_a-time.o)
                0x020185a0                time
 .text._localeconv_r
                0x020185d8       0x1c C:/devkitPro/devkitARM/bin/../lib/gcc/arm-none-eabi/13.2.0/../../../../arm-none-eabi/lib/thumb\libg.a(libc_a-localeconv.o)
                0x020185d8                _localeconv_r
 .text.__tzcalc_limits
                0x020185f4      0x1b4 C:/devkitPro/devkitARM/bin/../lib/gcc/arm-none-eabi/13.2.0/../../../../arm-none-eabi/lib/thumb\libg.a(libc_a-tzcalc_limits.o)
                0x020185f4                __tzcalc_limits
 .text.strcpy   0x020187a8       0x10 C:/devkitPro/devkitARM/bin/../lib/gcc/arm-none-eabi/13.2.0/../../../../arm-none-eabi/lib/thumb\libg.a(libc_a-strcpy.o)
                0x020187a8                strcpy
 .text.memchr   0x020187b8       0x78 C:/devkitPro/devkitARM/bin/../lib/gcc/arm-none-eabi/13.2.0/../../../../arm-none-eabi/lib/thumb\libg.a(libc_a-memchr-stub.o)
                0x020187b8                memchr
 .text.__utf8_wctomb
                0x02018830       0xb4 C:/devkitPro/devkitARM/bin/../lib/gcc/arm-none-eabi/13.2.0/../../../../arm-none-eabi/lib/thumb\libg.a(libc_a-wctomb_r.o)
                0x02018830                __utf8_wctomb
 .text.memcpy   0x020188e4       0x90 C:/devkitPro/devkitARM/bin/../lib/gcc/arm-none-eabi/13.2.0/../../../../arm-none-eabi/lib/thumb\libg.a(libc_a-memcpy-stub.o)
                0x020188e4                memcpy
 .text.stpcpy   0x02018974       0x4c C:/devkitPro/devkitARM/bin/../lib/gcc/arm-none-eabi/13.2.0/../../../../arm-none-eabi/lib/thumb\libg.a(libc_a-stpcpy.o)
                0x02018974                stpcpy
 .text.__libc_init_array
                0x020189c0       0x54 C:/devkitPro/devkitARM/bin/../lib/gcc/arm-none-eabi/13.2.0/../../../../arm-none-eabi/lib/thumb\libg.a(libc_a-init.o)
                0x020189c0                __libc_init_array
 .text.__errno  0x02018a14        0xc C:/devkitPro/devkitARM/bin/../lib/gcc/arm-none-eabi/13.2.0/../../../../arm-none-eabi/lib/thumb\libg.a(libc_a-errno.o)
                0x02018a14                __errno
 .text.lseek    0x02018a20       0x24 C:/devkitPro/devkitARM/bin/../lib/gcc/arm-none-eabi/13.2.0/../../../../arm-none-eabi/lib/thumb\libg.a(libc_a-syslseek.o)
                0x02018a20                lseek
 .text.open     0x02018a44       0x28 C:/devkitPro/devkitARM/bin/../lib/gcc/arm-none-eabi/13.2.0/../../../../arm-none-eabi/lib/thumb\libg.a(libc_a-sysopen.o)
                0x02018a44                open
 .text.read     0x02018a6c       0x1c C:/devkitPro/devkitARM/bin/../lib/gcc/arm-none-eabi/13.2.0/../../../../arm-none-eabi/lib/thumb\libg.a(libc_a-sysread.o)
                0x02018a6c                read
 .text.frexp    0x02018a88       0x6c C:/devkitPro/devkitARM/bin/../lib/gcc/arm-none-eabi/13.2.0/../../../../arm-none-eabi/lib/thumb\libg.a(libm_a-s_frexp.o)
                0x02018a88                frexp
 .text._strtoll_l.isra.0
                0x02018af4      0x19c C:/devkitPro/devkitARM/bin/../lib/gcc/arm-none-eabi/13.2.0/../../../../arm-none-eabi/lib/thumb\libg.a(libc_a-strtoll.o)
 .text._strtoll_r
                0x02018c90       0x20 C:/devkitPro/devkitARM/bin/../lib/gcc/arm-none-eabi/13.2.0/../../../../arm-none-eabi/lib/thumb\libg.a(libc_a-strtoll.o)
                0x02018c90                _strtoll_r
 .text._strtoull_l.isra.0
                0x02018cb0      0x1c4 C:/devkitPro/devkitARM/bin/../lib/gcc/arm-none-eabi/13.2.0/../../../../arm-none-eabi/lib/thumb\libg.a(libc_a-strtoull.o)
 .text._strtoull_r
                0x02018e74       0x20 C:/devkitPro/devkitARM/bin/../lib/gcc/arm-none-eabi/13.2.0/../../../../arm-none-eabi/lib/thumb\libg.a(libc_a-strtoull.o)
                0x02018e74                _strtoull_r
 .text.towctrans_l
                0x02018e94      0x188 C:/devkitPro/devkitARM/bin/../lib/gcc/arm-none-eabi/13.2.0/../../../../arm-none-eabi/lib/thumb\libg.a(libc_a-towctrans_l.o)
                0x02018e94                towctrans_l
 .text.iswspace
                0x0201901c       0x10 C:/devkitPro/devkitARM/bin/../lib/gcc/arm-none-eabi/13.2.0/../../../../arm-none-eabi/lib/thumb\libg.a(libc_a-iswspace.o)
                0x0201901c                iswspace
 .text.__smakebuf_r
                0x0201902c       0xe8 C:/devkitPro/devkitARM/bin/../lib/gcc/arm-none-eabi/13.2.0/../../../../arm-none-eabi/lib/thumb\libg.a(libc_a-makebuf.o)
                0x0201902c                __smakebuf_r
 .text.__swhatbuf_r
                0x02019114       0x5c C:/devkitPro/devkitARM/bin/../lib/gcc/arm-none-eabi/13.2.0/../../../../arm-none-eabi/lib/thumb\libg.a(libc_a-makebuf.o)
                0x02019114                __swhatbuf_r
 .text.iswspace_l
                0x02019170       0x28 C:/devkitPro/devkitARM/bin/../lib/gcc/arm-none-eabi/13.2.0/../../../../arm-none-eabi/lib/thumb\libg.a(libc_a-iswspace_l.o)
                0x02019170                iswspace_l
 .text._mbsnrtowcs_r
                0x02019198       0xb8 C:/devkitPro/devkitARM/bin/../lib/gcc/arm-none-eabi/13.2.0/../../../../arm-none-eabi/lib/thumb\libg.a(libc_a-mbsnrtowcs.o)
                0x02019198                _mbsnrtowcs_r
 .text._wcsrtombs_r
                0x02019250       0x1c C:/devkitPro/devkitARM/bin/../lib/gcc/arm-none-eabi/13.2.0/../../../../arm-none-eabi/lib/thumb\libg.a(libc_a-wcsrtombs.o)
                0x02019250                _wcsrtombs_r
 .text.__sccl   0x0201926c       0xa0 C:/devkitPro/devkitARM/bin/../lib/gcc/arm-none-eabi/13.2.0/../../../../arm-none-eabi/lib/thumb\libg.a(libc_a-sccl.o)
                0x0201926c                __sccl
 .text.lflush   0x0201930c       0x24 C:/devkitPro/devkitARM/bin/../lib/gcc/arm-none-eabi/13.2.0/../../../../arm-none-eabi/lib/thumb\libg.a(libc_a-refill.o)
 .text.__srefill_r
                0x02019330      0x10c C:/devkitPro/devkitARM/bin/../lib/gcc/arm-none-eabi/13.2.0/../../../../arm-none-eabi/lib/thumb\libg.a(libc_a-refill.o)
                0x02019330                __srefill_r
 .text.__submore
                0x0201943c       0x88 C:/devkitPro/devkitARM/bin/../lib/gcc/arm-none-eabi/13.2.0/../../../../arm-none-eabi/lib/thumb\libg.a(libc_a-ungetc.o)
                0x0201943c                __submore
 .text.__sread  0x020194c4       0x34 C:/devkitPro/devkitARM/bin/../lib/gcc/arm-none-eabi/13.2.0/../../../../arm-none-eabi/lib/thumb\libg.a(libc_a-stdio.o)
                0x020194c4                __sread
 .text.__seofread
                0x020194f8        0x4 C:/devkitPro/devkitARM/bin/../lib/gcc/arm-none-eabi/13.2.0/../../../../arm-none-eabi/lib/thumb\libg.a(libc_a-stdio.o)
                0x020194f8                __seofread
 .text.__swrite
                0x020194fc       0x4c C:/devkitPro/devkitARM/bin/../lib/gcc/arm-none-eabi/13.2.0/../../../../arm-none-eabi/lib/thumb\libg.a(libc_a-stdio.o)
                0x020194fc                __swrite
 .text.__sseek  0x02019548       0x44 C:/devkitPro/devkitARM/bin/../lib/gcc/arm-none-eabi/13.2.0/../../../../arm-none-eabi/lib/thumb\libg.a(libc_a-stdio.o)
                0x02019548                __sseek
 .text.__sclose
                0x0201958c       0x10 C:/devkitPro/devkitARM/bin/../lib/gcc/arm-none-eabi/13.2.0/../../../../arm-none-eabi/lib/thumb\libg.a(libc_a-stdio.o)
                0x0201958c                __sclose
 .text.category
                0x0201959c       0x58 C:/devkitPro/devkitARM/bin/../lib/gcc/arm-none-eabi/13.2.0/../../../../arm-none-eabi/lib/thumb\libg.a(libc_a-categories.o)
                0x0201959c                category
 .text.get_arg  0x020195f4      0x434 C:/devkitPro/devkitARM/bin/../lib/gcc/arm-none-eabi/13.2.0/../../../../arm-none-eabi/lib/thumb\libg.a(libc_a-vfiprintf.o)
 .text.__sprint_r
                0x02019a28       0x24 C:/devkitPro/devkitARM/bin/../lib/gcc/arm-none-eabi/13.2.0/../../../../arm-none-eabi/lib/thumb\libg.a(libc_a-vfiprintf.o)
                0x02019a28                __sprint_r
 .text._vfiprintf_r
                0x02019a4c     0x17cc C:/devkitPro/devkitARM/bin/../lib/gcc/arm-none-eabi/13.2.0/../../../../arm-none-eabi/lib/thumb\libg.a(libc_a-vfiprintf.o)
                0x02019a4c                _vfiprintf_r
 .text.__sbprintf
                0x0201b218       0x7c C:/devkitPro/devkitARM/bin/../lib/gcc/arm-none-eabi/13.2.0/../../../../arm-none-eabi/lib/thumb\libg.a(libc_a-vfiprintf.o)
 .text.__ssprint_r
                0x0201b294      0x128 C:/devkitPro/devkitARM/bin/../lib/gcc/arm-none-eabi/13.2.0/../../../../arm-none-eabi/lib/thumb\libg.a(libc_a-svfiprintf.o)
                0x0201b294                __ssprint_r
 .text.div      0x0201b3bc       0x18 C:/devkitPro/devkitARM/bin/../lib/gcc/arm-none-eabi/13.2.0/../../../../arm-none-eabi/lib/thumb\libg.a(libc_a-div.o)
                0x0201b3bc                div
 .text.__swsetup_r
                0x0201b3d4       0xcc C:/devkitPro/devkitARM/bin/../lib/gcc/arm-none-eabi/13.2.0/../../../../arm-none-eabi/lib/thumb\libg.a(libc_a-wsetup.o)
                0x0201b3d4                __swsetup_r
 .text.quorem   0x0201b4a0      0x158 C:/devkitPro/devkitARM/bin/../lib/gcc/arm-none-eabi/13.2.0/../../../../arm-none-eabi/lib/thumb\libg.a(libc_a-dtoa.o)
 .text._dtoa_r  0x0201b5f8     0x1024 C:/devkitPro/devkitARM/bin/../lib/gcc/arm-none-eabi/13.2.0/../../../../arm-none-eabi/lib/thumb\libg.a(libc_a-dtoa.o)
                0x0201b5f8                _dtoa_r
 .text._fseeko_r
                0x0201c61c      0x414 C:/devkitPro/devkitARM/bin/../lib/gcc/arm-none-eabi/13.2.0/../../../../arm-none-eabi/lib/thumb\libg.a(libc_a-fseeko.o)
                0x0201c61c                _fseeko_r
 .text._findenv_r
                0x0201ca30       0x94 C:/devkitPro/devkitARM/bin/../lib/gcc/arm-none-eabi/13.2.0/../../../../arm-none-eabi/lib/thumb\libg.a(libc_a-getenv_r.o)
                0x0201ca30                _findenv_r
 .text._getenv_r
                0x0201cac4       0x10 C:/devkitPro/devkitARM/bin/../lib/gcc/arm-none-eabi/13.2.0/../../../../arm-none-eabi/lib/thumb\libg.a(libc_a-getenv_r.o)
                0x0201cac4                _getenv_r
 .text._ftello_r
                0x0201cad4      0x124 C:/devkitPro/devkitARM/bin/../lib/gcc/arm-none-eabi/13.2.0/../../../../arm-none-eabi/lib/thumb\libg.a(libc_a-ftello.o)
                0x0201cad4                _ftello_r
 .text.__sflags
                0x0201cbf8       0xa4 C:/devkitPro/devkitARM/bin/../lib/gcc/arm-none-eabi/13.2.0/../../../../arm-none-eabi/lib/thumb\libg.a(libc_a-flags.o)
                0x0201cbf8                __sflags
 .text._Balloc  0x0201cc9c       0x54 C:/devkitPro/devkitARM/bin/../lib/gcc/arm-none-eabi/13.2.0/../../../../arm-none-eabi/lib/thumb\libg.a(libc_a-mprec.o)
                0x0201cc9c                _Balloc
 .text._Bfree   0x0201ccf0       0x14 C:/devkitPro/devkitARM/bin/../lib/gcc/arm-none-eabi/13.2.0/../../../../arm-none-eabi/lib/thumb\libg.a(libc_a-mprec.o)
                0x0201ccf0                _Bfree
 .text.__multadd
                0x0201cd04       0xac C:/devkitPro/devkitARM/bin/../lib/gcc/arm-none-eabi/13.2.0/../../../../arm-none-eabi/lib/thumb\libg.a(libc_a-mprec.o)
                0x0201cd04                __multadd
 .text.__hi0bits
                0x0201cdb0       0x4c C:/devkitPro/devkitARM/bin/../lib/gcc/arm-none-eabi/13.2.0/../../../../arm-none-eabi/lib/thumb\libg.a(libc_a-mprec.o)
                0x0201cdb0                __hi0bits
 .text.__lo0bits
                0x0201cdfc       0x5c C:/devkitPro/devkitARM/bin/../lib/gcc/arm-none-eabi/13.2.0/../../../../arm-none-eabi/lib/thumb\libg.a(libc_a-mprec.o)
                0x0201cdfc                __lo0bits
 .text.__i2b    0x0201ce58       0x64 C:/devkitPro/devkitARM/bin/../lib/gcc/arm-none-eabi/13.2.0/../../../../arm-none-eabi/lib/thumb\libg.a(libc_a-mprec.o)
                0x0201ce58                __i2b
 .text.__multiply
                0x0201cebc      0x1b0 C:/devkitPro/devkitARM/bin/../lib/gcc/arm-none-eabi/13.2.0/../../../../arm-none-eabi/lib/thumb\libg.a(libc_a-mprec.o)
                0x0201cebc                __multiply
 .text.__pow5mult
                0x0201d06c       0xd4 C:/devkitPro/devkitARM/bin/../lib/gcc/arm-none-eabi/13.2.0/../../../../arm-none-eabi/lib/thumb\libg.a(libc_a-mprec.o)
                0x0201d06c                __pow5mult
 .text.__lshift
                0x0201d140      0x100 C:/devkitPro/devkitARM/bin/../lib/gcc/arm-none-eabi/13.2.0/../../../../arm-none-eabi/lib/thumb\libg.a(libc_a-mprec.o)
                0x0201d140                __lshift
 .text.__mcmp   0x0201d240       0x40 C:/devkitPro/devkitARM/bin/../lib/gcc/arm-none-eabi/13.2.0/../../../../arm-none-eabi/lib/thumb\libg.a(libc_a-mprec.o)
                0x0201d240                __mcmp
 .text.__mdiff  0x0201d280      0x1b4 C:/devkitPro/devkitARM/bin/../lib/gcc/arm-none-eabi/13.2.0/../../../../arm-none-eabi/lib/thumb\libg.a(libc_a-mprec.o)
                0x0201d280                __mdiff
 .text.__d2b    0x0201d434       0xd0 C:/devkitPro/devkitARM/bin/../lib/gcc/arm-none-eabi/13.2.0/../../../../arm-none-eabi/lib/thumb\libg.a(libc_a-mprec.o)
                0x0201d434                __d2b
 .text.gmtime_r
                0x0201d504      0x1c0 C:/devkitPro/devkitARM/bin/../lib/gcc/arm-none-eabi/13.2.0/../../../../arm-none-eabi/lib/thumb\libg.a(libc_a-gmtime_r.o)
                0x0201d504                gmtime_r
 .text.__tz_lock
                0x0201d6c4       0x14 C:/devkitPro/devkitARM/bin/../lib/gcc/arm-none-eabi/13.2.0/../../../../arm-none-eabi/lib/thumb\libg.a(libc_a-tzlock.o)
                0x0201d6c4                __tz_lock
 .text.__tz_unlock
                0x0201d6d8       0x14 C:/devkitPro/devkitARM/bin/../lib/gcc/arm-none-eabi/13.2.0/../../../../arm-none-eabi/lib/thumb\libg.a(libc_a-tzlock.o)
                0x0201d6d8                __tz_unlock
 .text.__utf8_mbtowc
                0x0201d6ec      0x27c C:/devkitPro/devkitARM/bin/../lib/gcc/arm-none-eabi/13.2.0/../../../../arm-none-eabi/lib/thumb\libg.a(libc_a-mbtowc_r.o)
                0x0201d6ec                __utf8_mbtowc
 .text._wcsnrtombs_l
                0x0201d968      0x11c C:/devkitPro/devkitARM/bin/../lib/gcc/arm-none-eabi/13.2.0/../../../../arm-none-eabi/lib/thumb\libg.a(libc_a-wcsnrtombs.o)
                0x0201d968                _wcsnrtombs_l
 .text._wcsnrtombs_r
                0x0201da84       0x40 C:/devkitPro/devkitARM/bin/../lib/gcc/arm-none-eabi/13.2.0/../../../../arm-none-eabi/lib/thumb\libg.a(libc_a-wcsnrtombs.o)
                0x0201da84                _wcsnrtombs_r
 .text.__env_lock
                0x0201dac4       0x14 C:/devkitPro/devkitARM/bin/../lib/gcc/arm-none-eabi/13.2.0/../../../../arm-none-eabi/lib/thumb\libg.a(libc_a-envlock.o)
                0x0201dac4                __env_lock
 .text.__env_unlock
                0x0201dad8       0x14 C:/devkitPro/devkitARM/bin/../lib/gcc/arm-none-eabi/13.2.0/../../../../arm-none-eabi/lib/thumb\libg.a(libc_a-envlock.o)
                0x0201dad8                __env_unlock
 .text.__assert_func
                0x0201daec       0x40 C:/devkitPro/devkitARM/bin/../lib/gcc/arm-none-eabi/13.2.0/../../../../arm-none-eabi/lib/thumb\libg.a(libc_a-assert.o)
                0x0201daec                __assert_func
 .text.fiprintf
                0x0201db2c       0x28 C:/devkitPro/devkitARM/bin/../lib/gcc/arm-none-eabi/13.2.0/../../../../arm-none-eabi/lib/thumb\libg.a(libc_a-fiprintf.o)
                0x0201db2c                fiprintf
 .text.abort    0x0201db54       0x10 C:/devkitPro/devkitARM/bin/../lib/gcc/arm-none-eabi/13.2.0/../../../../arm-none-eabi/lib/thumb\libg.a(libc_a-abort.o)
                0x0201db54                abort
 .text._raise_r
                0x0201db64       0x60 C:/devkitPro/devkitARM/bin/../lib/gcc/arm-none-eabi/13.2.0/../../../../arm-none-eabi/lib/thumb\libg.a(libc_a-signal.o)
                0x0201db64                _raise_r
 .text.raise    0x0201dbc4       0x14 C:/devkitPro/devkitARM/bin/../lib/gcc/arm-none-eabi/13.2.0/../../../../arm-none-eabi/lib/thumb\libg.a(libc_a-signal.o)
                0x0201dbc4                raise
 .text._exit    0x0201dbd8       0x14 C:/devkitPro/devkitARM/bin/../lib/gcc/arm-none-eabi/13.2.0/../../../../arm-none-eabi/lib/thumb\libsysbase.a(libsysbase_libsysbase_a-_exit.o)
                0x0201dbd8                _exit
 .text.build_argv
                0x0201dbec       0x54 C:/devkitPro/devkitARM/bin/../lib/gcc/arm-none-eabi/13.2.0/../../../../arm-none-eabi/lib/thumb\libsysbase.a(libsysbase_libsysbase_a-build_argv.o)
                0x0201dbec                build_argv
 .text.chdir    0x0201dc40       0xe4 C:/devkitPro/devkitARM/bin/../lib/gcc/arm-none-eabi/13.2.0/../../../../arm-none-eabi/lib/thumb\libsysbase.a(libsysbase_libsysbase_a-chdir.o)
                0x0201dc40                chdir
 .text.getcwd   0x0201dd24       0x60 C:/devkitPro/devkitARM/bin/../lib/gcc/arm-none-eabi/13.2.0/../../../../arm-none-eabi/lib/thumb\libsysbase.a(libsysbase_libsysbase_a-chdir.o)
                0x0201dd24                getcwd
 .text._concatenate_path
                0x0201dd84      0x134 C:/devkitPro/devkitARM/bin/../lib/gcc/arm-none-eabi/13.2.0/../../../../arm-none-eabi/lib/thumb\libsysbase.a(libsysbase_libsysbase_a-concatenate.o)
                0x0201dd84                _concatenate_path
 .text.__dirnext
                0x0201deb8       0x48 C:/devkitPro/devkitARM/bin/../lib/gcc/arm-none-eabi/13.2.0/../../../../arm-none-eabi/lib/thumb\libsysbase.a(libsysbase_libsysbase_a-dirent.o)
 .text.opendir  0x0201df00       0xbc C:/devkitPro/devkitARM/bin/../lib/gcc/arm-none-eabi/13.2.0/../../../../arm-none-eabi/lib/thumb\libsysbase.a(libsysbase_libsysbase_a-dirent.o)
                0x0201df00                opendir
 .text.closedir
                0x0201dfbc       0x68 C:/devkitPro/devkitARM/bin/../lib/gcc/arm-none-eabi/13.2.0/../../../../arm-none-eabi/lib/thumb\libsysbase.a(libsysbase_libsysbase_a-dirent.o)
                0x0201dfbc                closedir
 .text.readdir  0x0201e024       0x84 C:/devkitPro/devkitARM/bin/../lib/gcc/arm-none-eabi/13.2.0/../../../../arm-none-eabi/lib/thumb\libsysbase.a(libsysbase_libsysbase_a-dirent.o)
                0x0201e024                readdir
 .text._fstat_r
                0x0201e0a8       0x4c C:/devkitPro/devkitARM/bin/../lib/gcc/arm-none-eabi/13.2.0/../../../../arm-none-eabi/lib/thumb\libsysbase.a(libsysbase_libsysbase_a-fstat.o)
                0x0201e0a8                _fstat_r
 .text._getpid_r
                0x0201e0f4        0xc C:/devkitPro/devkitARM/bin/../lib/gcc/arm-none-eabi/13.2.0/../../../../arm-none-eabi/lib/thumb\libsysbase.a(libsysbase_libsysbase_a-getpid.o)
                0x0201e0f4                _getpid_r
 .text.__getreent
                0x0201e100       0x20 C:/devkitPro/devkitARM/bin/../lib/gcc/arm-none-eabi/13.2.0/../../../../arm-none-eabi/lib/thumb\libsysbase.a(libsysbase_libsysbase_a-getreent.o)
                0x0201e100                __getreent
 .text._gettimeofday_r
                0x0201e120       0x20 C:/devkitPro/devkitARM/bin/../lib/gcc/arm-none-eabi/13.2.0/../../../../arm-none-eabi/lib/thumb\libsysbase.a(libsysbase_libsysbase_a-gettod.o)
                0x0201e120                _gettimeofday_r
 .text.__release_handle
                0x0201e140       0x68 C:/devkitPro/devkitARM/bin/../lib/gcc/arm-none-eabi/13.2.0/../../../../arm-none-eabi/lib/thumb\libsysbase.a(libsysbase_libsysbase_a-handle_manager.o)
                0x0201e140                __release_handle
 .text.__alloc_handle
                0x0201e1a8       0x7c C:/devkitPro/devkitARM/bin/../lib/gcc/arm-none-eabi/13.2.0/../../../../arm-none-eabi/lib/thumb\libsysbase.a(libsysbase_libsysbase_a-handle_manager.o)
                0x0201e1a8                __alloc_handle
 .text.__get_handle
                0x0201e224       0x34 C:/devkitPro/devkitARM/bin/../lib/gcc/arm-none-eabi/13.2.0/../../../../arm-none-eabi/lib/thumb\libsysbase.a(libsysbase_libsysbase_a-handle_manager.o)
                0x0201e224                __get_handle
 .text._close_r
                0x0201e258       0xb8 C:/devkitPro/devkitARM/bin/../lib/gcc/arm-none-eabi/13.2.0/../../../../arm-none-eabi/lib/thumb\libsysbase.a(libsysbase_libsysbase_a-handle_manager.o)
                0x0201e258                _close_r
 .text.null_write
                0x0201e310        0x4 C:/devkitPro/devkitARM/bin/../lib/gcc/arm-none-eabi/13.2.0/../../../../arm-none-eabi/lib/thumb\libsysbase.a(libsysbase_libsysbase_a-iosupport.o)
 .text.setDefaultDevice
                0x0201e314       0x10 C:/devkitPro/devkitARM/bin/../lib/gcc/arm-none-eabi/13.2.0/../../../../arm-none-eabi/lib/thumb\libsysbase.a(libsysbase_libsysbase_a-iosupport.o)
                0x0201e314                setDefaultDevice
 .text.FindDevice
                0x0201e324       0x98 C:/devkitPro/devkitARM/bin/../lib/gcc/arm-none-eabi/13.2.0/../../../../arm-none-eabi/lib/thumb\libsysbase.a(libsysbase_libsysbase_a-iosupport.o)
                0x0201e324                FindDevice
 .text.AddDevice
                0x0201e3bc       0x78 C:/devkitPro/devkitARM/bin/../lib/gcc/arm-none-eabi/13.2.0/../../../../arm-none-eabi/lib/thumb\libsysbase.a(libsysbase_libsysbase_a-iosupport.o)
                0x0201e3bc                AddDevice
 .text.GetDeviceOpTab
                0x0201e434       0x20 C:/devkitPro/devkitARM/bin/../lib/gcc/arm-none-eabi/13.2.0/../../../../arm-none-eabi/lib/thumb\libsysbase.a(libsysbase_libsysbase_a-iosupport.o)
                0x0201e434                GetDeviceOpTab
 .text._isatty_r
                0x0201e454        0x4 C:/devkitPro/devkitARM/bin/../lib/gcc/arm-none-eabi/13.2.0/../../../../arm-none-eabi/lib/thumb\libsysbase.a(libsysbase_libsysbase_a-isatty.o)
                0x0201e454                _isatty_r
 .text._kill_r  0x0201e458        0xc C:/devkitPro/devkitARM/bin/../lib/gcc/arm-none-eabi/13.2.0/../../../../arm-none-eabi/lib/thumb\libsysbase.a(libsysbase_libsysbase_a-kill.o)
                0x0201e458                _kill_r
 .text._lseek_r
                0x0201e464       0x5c C:/devkitPro/devkitARM/bin/../lib/gcc/arm-none-eabi/13.2.0/../../../../arm-none-eabi/lib/thumb\libsysbase.a(libsysbase_libsysbase_a-lseek.o)
                0x0201e464                _lseek_r
 .text._open_r  0x0201e4c0       0x98 C:/devkitPro/devkitARM/bin/../lib/gcc/arm-none-eabi/13.2.0/../../../../arm-none-eabi/lib/thumb\libsysbase.a(libsysbase_libsysbase_a-open.o)
                0x0201e4c0                _open_r
 .text._read_r  0x0201e558       0x50 C:/devkitPro/devkitARM/bin/../lib/gcc/arm-none-eabi/13.2.0/../../../../arm-none-eabi/lib/thumb\libsysbase.a(libsysbase_libsysbase_a-read.o)
                0x0201e558                _read_r
 .text._sbrk_r  0x0201e5a8       0x54 C:/devkitPro/devkitARM/bin/../lib/gcc/arm-none-eabi/13.2.0/../../../../arm-none-eabi/lib/thumb\libsysbase.a(libsysbase_libsysbase_a-sbrk.o)
                0x0201e5a8                _sbrk_r
 .text.__libc_lock_acquire
                0x0201e5fc       0x18 C:/devkitPro/devkitARM/bin/../lib/gcc/arm-none-eabi/13.2.0/../../../../arm-none-eabi/lib/thumb\libsysbase.a(libsysbase_libsysbase_a-syscall_support.o)
                0x0201e5fc                __libc_lock_acquire
 .text.__libc_lock_release
                0x0201e614       0x18 C:/devkitPro/devkitARM/bin/../lib/gcc/arm-none-eabi/13.2.0/../../../../arm-none-eabi/lib/thumb\libsysbase.a(libsysbase_libsysbase_a-syscall_support.o)
                0x0201e614                __libc_lock_release
 .text.__libc_lock_acquire_recursive
                0x0201e62c       0x18 C:/devkitPro/devkitARM/bin/../lib/gcc/arm-none-eabi/13.2.0/../../../../arm-none-eabi/lib/thumb\libsysbase.a(libsysbase_libsysbase_a-syscall_support.o)
                0x0201e62c                __libc_lock_acquire_recursive
 .text.__libc_lock_release_recursive
                0x0201e644       0x18 C:/devkitPro/devkitARM/bin/../lib/gcc/arm-none-eabi/13.2.0/../../../../arm-none-eabi/lib/thumb\libsysbase.a(libsysbase_libsysbase_a-syscall_support.o)
                0x0201e644                __libc_lock_release_recursive
 .text._write_r
                0x0201e65c       0x50 C:/devkitPro/devkitARM/bin/../lib/gcc/arm-none-eabi/13.2.0/../../../../arm-none-eabi/lib/thumb\libsysbase.a(libsysbase_libsysbase_a-write.o)
                0x0201e65c                _write_r
 *fill*         0x0201e6ac        0x4 ff
 .text._write_r.__stub
                0x0201e6b0      0x138 linker stubs
 *(EXCLUDE_FILE(*.twl*) .gnu.warning)
 *(EXCLUDE_FILE(*.twl*) .gnu.linkonce.t*)
 *(.glue_7)
 .glue_7        0x0201e7f8        0x0 linker stubs
 *(.glue_7t)
 .glue_7t       0x0201e7f8        0x0 linker stubs
                0x0201e7f8                        . = ALIGN (0x4)

.vfp11_veneer   0x0201e7f8        0x0
 .vfp11_veneer  0x0201e7f8        0x0 linker stubs

.v4_bx          0x0201e7f8        0x0
 .v4_bx         0x0201e7f8        0x0 linker stubs

.iplt           0x0201e7f8        0x0
 .iplt          0x0201e7f8        0x0 C:/devkitPro/devkitARM/bin/../lib/gcc/arm-none-eabi/13.2.0/../../../../arm-none-eabi/lib/thumb/ds_arm9_crt0.o

.fini           0x0201e7f8        0xc
 *(.fini)
 .fini          0x0201e7f8        0x4 C:/devkitPro/devkitARM/bin/../lib/gcc/arm-none-eabi/13.2.0/thumb/crti.o
                0x0201e7f8                _fini
 .fini          0x0201e7fc        0x8 C:/devkitPro/devkitARM/bin/../lib/gcc/arm-none-eabi/13.2.0/thumb/crtn.o
                0x0201e804                        __text_end = .

.rodata         0x0201e808     0x6168
 *(EXCLUDE_FILE(*.twl*) .rodata)
 .rodata        0x0201e808       0x3c agmv_nds_decode.o
 *all.rodata*(*)
 *(EXCLUDE_FILE(*.twl*) .roda)
 *(EXCLUDE_FILE(*.twl*) .rodata.*)
 .rodata.str1.4
                0x0201e844      0x2fc agmv_nds_playback.o
                                  0x3 (size before relaxing)
 .rodata.str1.4
                0x0201eb40       0xab main.o
 .rodata.nitroFSInit.str1.4
                0x0201eb40        0x8 C:/devkitPro/libnds/lib\libfilesystem.a(nitrofs.o)
 .rodata.str1.4
                0x0201eb40        0xe C:/devkitPro/libnds/lib\libfilesystem.a(nitrofs.o)
 .rodata.fatMount.part.0.str1.4
                0x0201eb40        0x2 C:/devkitPro/libnds/lib\libfat.a(libfat.o)
 .rodata.fatInit.str1.4
                0x0201eb40        0x3 C:/devkitPro/libnds/lib\libfat.a(libfat.o)
 .rodata.str1.4
                0x0201eb40        0x4 C:/devkitPro/libnds/lib\libfat.a(libfat.o)
 .rodata.dotab_fat
                0x0201eb40       0x70 C:/devkitPro/libnds/lib\libfat.a(libfat.o)
 .rodata.str1.4
                0x0201ebb0        0x8 C:/devkitPro/libnds/lib\libfat.a(disc.o)
 .rodata._FAT_disc_interfaces
                0x0201ebb0       0x18 C:/devkitPro/libnds/lib\libfat.a(disc.o)
                0x0201ebb0                _FAT_disc_interfaces
 .rodata._FAT_directory_entryFromPath.str1.4
                0x0201ebc8        0x7 C:/devkitPro/libnds/lib\libfat.a(directory.o)
 .rodata.ILLEGAL_ALIAS_CHARACTERS
                0x0201ebc8       0x12 C:/devkitPro/libnds/lib\libfat.a(directory.o)
 *fill*         0x0201ebda        0x2 ff
 .rodata.ILLEGAL_LFN_CHARACTERS
                0x0201ebdc        0xa C:/devkitPro/libnds/lib\libfat.a(directory.o)
 *fill*         0x0201ebe6        0x2 ff
 .rodata.LFN_offset_table
                0x0201ebe8       0x34 C:/devkitPro/libnds/lib\libfat.a(directory.o)
 .rodata.FAT_SIG
                0x0201ec1c        0x3 C:/devkitPro/libnds/lib\libfat.a(partition.o)
 *fill*         0x0201ec1f        0x1 ff
 .rodata.FS_TWL_SIG
                0x0201ec20        0x8 C:/devkitPro/libnds/lib\libfat.a(partition.o)
 .rodata.SIN_LUT
                0x0201ec28      0x102 C:/devkitPro/libnds/lib\libnds9.a(trig.o)
                0x0201ec28                SIN_LUT
 .rodata.__sassert.str1.4
                0x0201ed2a       0x42 C:/devkitPro/libnds/lib\libnds9.a(sassert.o)
 .rodata.con_write.str1.4
                0x0201ed2a       0x30 C:/devkitPro/libnds/lib\libnds9.a(console.o)
 *fill*         0x0201ed2a        0x2 ff
 .rodata.con_write
                0x0201ed2c       0xd4 C:/devkitPro/libnds/lib\libnds9.a(console.o)
 .rodata.str1.4
                0x0201ee00       0x14 C:/devkitPro/libnds/lib\libnds9.a(console.o)
 .rodata.dotab_stdout
                0x0201ee00       0x70 C:/devkitPro/libnds/lib\libnds9.a(console.o)
 .rodata.default_font_bin
                0x0201ee70     0x2000 C:/devkitPro/libnds/lib\libnds9.a(default_font.bin.o)
                0x0201ee70                default_font_bin
                0x02020e70                default_font_bin_end
 .rodata._mbrtowc_r.str1.4
                0x02020e70        0x1 C:/devkitPro/devkitARM/bin/../lib/gcc/arm-none-eabi/13.2.0/../../../../arm-none-eabi/lib/thumb\libg.a(libc_a-mbrtowc.o)
 .rodata._ctype_
                0x02020e70      0x101 C:/devkitPro/devkitARM/bin/../lib/gcc/arm-none-eabi/13.2.0/../../../../arm-none-eabi/lib/thumb\libg.a(libc_a-ctype_.o)
                0x02020e70                _ctype_
 .rodata._puts_r.str1.4
                0x02020f71        0x2 C:/devkitPro/devkitARM/bin/../lib/gcc/arm-none-eabi/13.2.0/../../../../arm-none-eabi/lib/thumb\libg.a(libc_a-puts.o)
 *fill*         0x02020f71        0x3 ff
 .rodata.basefix.0
                0x02020f74       0x22 C:/devkitPro/devkitARM/bin/../lib/gcc/arm-none-eabi/13.2.0/../../../../arm-none-eabi/lib/thumb\libg.a(libc_a-svfiscanf.o)
 .rodata._svfprintf_r.str1.1
                0x02020f96       0x3b C:/devkitPro/devkitARM/bin/../lib/gcc/arm-none-eabi/13.2.0/../../../../arm-none-eabi/lib/thumb\libg.a(libc_a-svfprintf.o)
 *fill*         0x02020fd1        0x3 ff
 .rodata.zeroes.0
                0x02020fd4       0x10 C:/devkitPro/devkitARM/bin/../lib/gcc/arm-none-eabi/13.2.0/../../../../arm-none-eabi/lib/thumb\libg.a(libc_a-svfprintf.o)
 .rodata.blanks.1
                0x02020fe4       0x10 C:/devkitPro/devkitARM/bin/../lib/gcc/arm-none-eabi/13.2.0/../../../../arm-none-eabi/lib/thumb\libg.a(libc_a-svfprintf.o)
 .rodata._vfprintf_r.str1.1
                0x02020ff4       0x3b C:/devkitPro/devkitARM/bin/../lib/gcc/arm-none-eabi/13.2.0/../../../../arm-none-eabi/lib/thumb\libg.a(libc_a-vfprintf.o)
 .rodata.zeroes.0
                0x02020ff4       0x10 C:/devkitPro/devkitARM/bin/../lib/gcc/arm-none-eabi/13.2.0/../../../../arm-none-eabi/lib/thumb\libg.a(libc_a-vfprintf.o)
 .rodata.blanks.1
                0x02021004       0x10 C:/devkitPro/devkitARM/bin/../lib/gcc/arm-none-eabi/13.2.0/../../../../arm-none-eabi/lib/thumb\libg.a(libc_a-vfprintf.o)
 .rodata._DAYS_BEFORE_MONTH
                0x02021014       0x30 C:/devkitPro/devkitARM/bin/../lib/gcc/arm-none-eabi/13.2.0/../../../../arm-none-eabi/lib/thumb\libg.a(libc_a-mktime.o)
 .rodata.DAYS_IN_MONTH
                0x02021044       0x30 C:/devkitPro/devkitARM/bin/../lib/gcc/arm-none-eabi/13.2.0/../../../../arm-none-eabi/lib/thumb\libg.a(libc_a-mktime.o)
 .rodata._tzset_unlocked_r.str1.4
                0x02021074       0x6b C:/devkitPro/devkitARM/bin/../lib/gcc/arm-none-eabi/13.2.0/../../../../arm-none-eabi/lib/thumb\libg.a(libc_a-tzset_r.o)
 .rodata.__month_lengths
                0x02021074       0x60 C:/devkitPro/devkitARM/bin/../lib/gcc/arm-none-eabi/13.2.0/../../../../arm-none-eabi/lib/thumb\libg.a(libc_a-month_lengths.o)
                0x02021074                __month_lengths
 .rodata.str1.4
                0x020210d4        0x4 C:/devkitPro/devkitARM/bin/../lib/gcc/arm-none-eabi/13.2.0/../../../../arm-none-eabi/lib/thumb\libg.a(libc_a-tzvars.o)
 .rodata.str1.4
                0x020210d4       0x4c C:/devkitPro/devkitARM/bin/../lib/gcc/arm-none-eabi/13.2.0/../../../../arm-none-eabi/lib/thumb\libg.a(libc_a-locale.o)
 .rodata.categories
                0x020210d4     0x3528 C:/devkitPro/devkitARM/bin/../lib/gcc/arm-none-eabi/13.2.0/../../../../arm-none-eabi/lib/thumb\libg.a(libc_a-categories.o)
 .rodata._vfiprintf_r.str1.1
                0x020245fc       0x29 C:/devkitPro/devkitARM/bin/../lib/gcc/arm-none-eabi/13.2.0/../../../../arm-none-eabi/lib/thumb\libg.a(libc_a-vfiprintf.o)
 .rodata.zeroes.0
                0x020245fc       0x10 C:/devkitPro/devkitARM/bin/../lib/gcc/arm-none-eabi/13.2.0/../../../../arm-none-eabi/lib/thumb\libg.a(libc_a-vfiprintf.o)
 .rodata.blanks.1
                0x0202460c       0x10 C:/devkitPro/devkitARM/bin/../lib/gcc/arm-none-eabi/13.2.0/../../../../arm-none-eabi/lib/thumb\libg.a(libc_a-vfiprintf.o)
 .rodata.__action_table
                0x0202461c       0x6c C:/devkitPro/devkitARM/bin/../lib/gcc/arm-none-eabi/13.2.0/../../../../arm-none-eabi/lib/thumb\libg.a(libc_a-svfiprintf.o)
                0x0202461c                __action_table
 .rodata.__state_table
                0x02024688       0x6c C:/devkitPro/devkitARM/bin/../lib/gcc/arm-none-eabi/13.2.0/../../../../arm-none-eabi/lib/thumb\libg.a(libc_a-svfiprintf.o)
                0x02024688                __state_table
 .rodata.__chclass
                0x020246f4      0x100 C:/devkitPro/devkitARM/bin/../lib/gcc/arm-none-eabi/13.2.0/../../../../arm-none-eabi/lib/thumb\libg.a(libc_a-svfiprintf.o)
                0x020246f4                __chclass
 .rodata._dtoa_r.str1.4
                0x020247f4       0x67 C:/devkitPro/devkitARM/bin/../lib/gcc/arm-none-eabi/13.2.0/../../../../arm-none-eabi/lib/thumb\libg.a(libc_a-dtoa.o)
 .rodata.__multadd.str1.4
                0x020247f4       0x54 C:/devkitPro/devkitARM/bin/../lib/gcc/arm-none-eabi/13.2.0/../../../../arm-none-eabi/lib/thumb\libg.a(libc_a-mprec.o)
 .rodata.p05.0  0x020247f4        0xc C:/devkitPro/devkitARM/bin/../lib/gcc/arm-none-eabi/13.2.0/../../../../arm-none-eabi/lib/thumb\libg.a(libc_a-mprec.o)
 .rodata.__mprec_bigtens
                0x02024800       0x28 C:/devkitPro/devkitARM/bin/../lib/gcc/arm-none-eabi/13.2.0/../../../../arm-none-eabi/lib/thumb\libg.a(libc_a-mprec.o)
                0x02024800                __mprec_bigtens
 .rodata.__mprec_tens
                0x02024828       0xc8 C:/devkitPro/devkitARM/bin/../lib/gcc/arm-none-eabi/13.2.0/../../../../arm-none-eabi/lib/thumb\libg.a(libc_a-mprec.o)
                0x02024828                __mprec_tens
 .rodata.__assert_func.str1.4
                0x020248f0       0x43 C:/devkitPro/devkitARM/bin/../lib/gcc/arm-none-eabi/13.2.0/../../../../arm-none-eabi/lib/thumb\libg.a(libc_a-assert.o)
 .rodata.AddDevice.str1.4
                0x020248f0        0x8 C:/devkitPro/devkitARM/bin/../lib/gcc/arm-none-eabi/13.2.0/../../../../arm-none-eabi/lib/thumb\libsysbase.a(libsysbase_libsysbase_a-iosupport.o)
 .rodata.dotab_stdnull
                0x020248f0       0x80 C:/devkitPro/devkitARM/bin/../lib/gcc/arm-none-eabi/13.2.0/../../../../arm-none-eabi/lib/thumb\libsysbase.a(libsysbase_libsysbase_a-iosupport.o)
                0x020248f0                dotab_stdnull
 *(EXCLUDE_FILE(*.twl*) .gnu.linkonce.r*)
                0x02024970                        . = ALIGN (0x4)

.ARM.extab
 *(.ARM.extab* .gnu.linkonce.armextab.*)
                0x02024970                        __exidx_start = .

ARM.exidx
 *(.ARM.exidx* .gnu.linkonce.armexidx.*)
                0x02024970                        __exidx_end = .
                0x02024970                        . = ALIGN (0x4)
                0x02024970                        PROVIDE (__preinit_array_start = .)

.preinit_array
 *(.preinit_array)
                0x02024970                        PROVIDE (__preinit_array_end = .)
                0x02024970                        PROVIDE (__init_array_start = .)

.init_array     0x02024970        0x4
 *(SORT_BY_NAME(.init_array.*))
 *(.init_array)
 .init_array    0x02024970        0x4 C:/devkitPro/devkitARM/bin/../lib/gcc/arm-none-eabi/13.2.0/thumb/crtbegin.o
                0x02024974                        PROVIDE (__init_array_end = .)
                [!provide]                        PROVIDE (__fini_array_start = .)

.fini_array     0x02024974        0x4
 *(.fini_array)
 .fini_array    0x02024974        0x4 C:/devkitPro/devkitARM/bin/../lib/gcc/arm-none-eabi/13.2.0/thumb/crtbegin.o
 *(SORT_BY_NAME(.fini_array.*))
                [!provide]                        PROVIDE (__fini_array_end = .)

.ctors          0x02024978        0x0
 *crtbegin.o(.ctors)
 *(EXCLUDE_FILE(*crtend.o) .ctors)
 *(SORT_BY_NAME(.ctors.*))
 *(.ctors)
                0x02024978                        . = ALIGN (0x4)

.dtors          0x02024978        0x0
 *crtbegin.o(.dtors)
 *(EXCLUDE_FILE(*crtend.o) .dtors)
 *(SORT_BY_NAME(.dtors.*))
 *(.dtors)
                0x02024978                        . = ALIGN (0x4)

.eh_frame       0x02024978        0x4
 *(.eh_frame)
 .eh_frame      0x02024978        0x0 C:/devkitPro/devkitARM/bin/../lib/gcc/arm-none-eabi/13.2.0/thumb/crtbegin.o
 .eh_frame      0x02024978        0x4 C:/devkitPro/devkitARM/bin/../lib/gcc/arm-none-eabi/13.2.0/thumb/crtend.o
                0x0202497c                        . = ALIGN (0x4)

.gcc_except_table
                0x0202497c        0x0
 *(.gcc_except_table)
                0x0202497c                        . = ALIGN (0x4)

.jcr
 *(.jcr)

.got
 *(.got.plt)
 *(.got)
 *(.rel.got)

.ewram          0x0202497c        0x0
                0x0202497c                        __ewram_start = ABSOLUTE (.)
 *(.ewram)
 *ewram.*(.text)
                0x0202497c                        . = ALIGN (0x4)

.data           0x0202497c     0x24f4
                0x0202497c                        __data_start = ABSOLUTE (.)
 *(EXCLUDE_FILE(*.twl*) .data)
 .data          0x0202497c       0x28 C:/devkitPro/libnds/lib\libnds9.a(mpu_setup.o)
 *(EXCLUDE_FILE(*.twl*) .data.*)
 .data.ndsFileFD
                0x020249a4        0x4 C:/devkitPro/libnds/lib\libfilesystem.a(nitrofs.o)
 .data.nitroFSdevoptab
                0x020249a8       0x70 C:/devkitPro/libnds/lib\libfilesystem.a(nitrofs.o)
                0x020249a8                nitroFSdevoptab
 .data.syspaths
                0x02024a18        0x8 C:/devkitPro/libnds/lib\libfilesystem.a(nitrofs.o)
                0x02024a18                syspaths
 .data.bgControl
                0x02024a20       0x20 C:/devkitPro/libnds/lib\libnds9.a(background.o)
                0x02024a20                bgControl
 .data.bgScrollTable
                0x02024a40       0x20 C:/devkitPro/libnds/lib\libnds9.a(background.o)
                0x02024a40                bgScrollTable
 .data.bgTransform
                0x02024a60       0x20 C:/devkitPro/libnds/lib\libnds9.a(background.o)
                0x02024a60                bgTransform
 .data.currentConsole
                0x02024a80        0x4 C:/devkitPro/libnds/lib\libnds9.a(console.o)
                0x02024a80                currentConsole
 .data.defaultConsole
                0x02024a84       0x5c C:/devkitPro/libnds/lib\libnds9.a(console.o)
                0x02024a84                defaultConsole
 .data.firstConsoleInit.0
                0x02024ae0        0x1 C:/devkitPro/libnds/lib\libnds9.a(console.o)
 .data.count    0x02024ae1        0x1 C:/devkitPro/libnds/lib\libnds9.a(keys.o)
 .data.delay    0x02024ae2        0x1 C:/devkitPro/libnds/lib\libnds9.a(keys.o)
 .data.repeat   0x02024ae3        0x1 C:/devkitPro/libnds/lib\libnds9.a(keys.o)
 .data.fifo_buffer_free
                0x02024ae4        0x4 C:/devkitPro/libnds/lib\libnds9.a(fifosystem.o)
                0x02024ae4                fifo_buffer_free
 .data.fifo_freewords
                0x02024ae8        0x4 C:/devkitPro/libnds/lib\libnds9.a(fifosystem.o)
                0x02024ae8                fifo_freewords
 .data.fifo_receive_queue
                0x02024aec        0x4 C:/devkitPro/libnds/lib\libnds9.a(fifosystem.o)
                0x02024aec                fifo_receive_queue
 .data.fifo_send_queue
                0x02024af0        0x4 C:/devkitPro/libnds/lib\libnds9.a(fifosystem.o)
                0x02024af0                fifo_send_queue
 .data.__malloc_sbrk_base
                0x02024af4        0x4 C:/devkitPro/devkitARM/bin/../lib/gcc/arm-none-eabi/13.2.0/../../../../arm-none-eabi/lib/thumb\libg.a(libc_a-mallocr.o)
                0x02024af4                __malloc_sbrk_base
 .data.__malloc_trim_threshold
                0x02024af8        0x4 C:/devkitPro/devkitARM/bin/../lib/gcc/arm-none-eabi/13.2.0/../../../../arm-none-eabi/lib/thumb\libg.a(libc_a-mallocr.o)
                0x02024af8                __malloc_trim_threshold
 *fill*         0x02024afc        0x4 ff
 .data.__malloc_av_
                0x02024b00      0x408 C:/devkitPro/devkitARM/bin/../lib/gcc/arm-none-eabi/13.2.0/../../../../arm-none-eabi/lib/thumb\libg.a(libc_a-mallocr.o)
                0x02024b00                __malloc_av_
 .data.__sglue  0x02024f08        0xc C:/devkitPro/devkitARM/bin/../lib/gcc/arm-none-eabi/13.2.0/../../../../arm-none-eabi/lib/thumb\libg.a(libc_a-findfp.o)
                0x02024f08                __sglue
 .data._tzname  0x02024f14        0x8 C:/devkitPro/devkitARM/bin/../lib/gcc/arm-none-eabi/13.2.0/../../../../arm-none-eabi/lib/thumb\libg.a(libc_a-tzvars.o)
                0x02024f14                _tzname
 *fill*         0x02024f1c        0x4 ff
 .data.tzinfo   0x02024f20       0x58 C:/devkitPro/devkitARM/bin/../lib/gcc/arm-none-eabi/13.2.0/../../../../arm-none-eabi/lib/thumb\libg.a(libc_a-gettzinfo.o)
 .data.__global_locale
                0x02024f78      0x16c C:/devkitPro/devkitARM/bin/../lib/gcc/arm-none-eabi/13.2.0/../../../../arm-none-eabi/lib/thumb\libg.a(libc_a-locale.o)
                0x02024f78                __global_locale
 .data._impure_ptr
                0x020250e4        0x4 C:/devkitPro/devkitARM/bin/../lib/gcc/arm-none-eabi/13.2.0/../../../../arm-none-eabi/lib/thumb\libg.a(libc_a-impure.o)
                0x020250e4                _impure_ptr
 .data._impure_data
                0x020250e8      0x120 C:/devkitPro/devkitARM/bin/../lib/gcc/arm-none-eabi/13.2.0/../../../../arm-none-eabi/lib/thumb\libg.a(libc_a-impure.o)
                0x020250e8                _impure_data
 .data.caseconv_table
                0x02025208      0x7b0 C:/devkitPro/devkitARM/bin/../lib/gcc/arm-none-eabi/13.2.0/../../../../arm-none-eabi/lib/thumb\libg.a(libc_a-towctrans_l.o)
 .data.environ  0x020259b8        0x4 C:/devkitPro/devkitARM/bin/../lib/gcc/arm-none-eabi/13.2.0/../../../../arm-none-eabi/lib/thumb\libg.a(libc_a-environ.o)
                0x020259b8                environ
 .data._current_working_directory